#-----------------------------------------------------------
# Vivado v2018.3 (64-bit)
# SW Build 2405991 on Thu Dec  6 23:38:27 MST 2018
# IP Build 2404404 on Fri Dec  7 01:43:56 MST 2018
# Start of session at: Tue Mar 11 06:54:46 2025
# Process ID: 23572
# Current directory: C:/Users/Raymond/Downloads/Nexys-Video-HDMI-2018.2-xy/Nexys-Video-HDMI-2018.2-2/vivado_proj
# Command line: vivado.exe -gui_launcher_event rodinguilauncherevent30240 C:\Users\Raymond\Downloads\Nexys-Video-HDMI-2018.2-xy\Nexys-Video-HDMI-2018.2-2\vivado_proj\Nexys-Video-HDMI.xpr
# Log file: C:/Users/Raymond/Downloads/Nexys-Video-HDMI-2018.2-xy/Nexys-Video-HDMI-2018.2-2/vivado_proj/vivado.log
# Journal file: C:/Users/Raymond/Downloads/Nexys-Video-HDMI-2018.2-xy/Nexys-Video-HDMI-2018.2-2/vivado_proj\vivado.jou
#-----------------------------------------------------------
start_gui
open_project C:/Users/Raymond/Downloads/Nexys-Video-HDMI-2018.2-xy/Nexys-Video-HDMI-2018.2-2/vivado_proj/Nexys-Video-HDMI.xpr
update_compile_order -fileset sources_1
launch_sdk -workspace C:/Users/Raymond/Downloads/Nexys-Video-HDMI-2018.2-xy/Nexys-Video-HDMI-2018.2-2/vivado_proj/Nexys-Video-HDMI.sdk -hwspec C:/Users/Raymond/Downloads/Nexys-Video-HDMI-2018.2-xy/Nexys-Video-HDMI-2018.2-2/vivado_proj/Nexys-Video-HDMI.sdk/hdmi_wrapper.hdf
