#-----------------------------------------------------------
# Vivado v2018.3 (64-bit)
# SW Build 2405991 on Thu Dec  6 23:38:27 MST 2018
# IP Build 2404404 on Fri Dec  7 01:43:56 MST 2018
# Start of session at: Mon Mar 10 18:28:17 2025
# Process ID: 34368
# Current directory: C:/Users/Raymond/Downloads/Nexys-Video-HDMI-2018.2-xy/Nexys-Video-HDMI-2018.2-2/vivado_proj
# Command line: vivado.exe -gui_launcher_event rodinguilauncherevent33640 C:\Users\Raymond\Downloads\Nexys-Video-HDMI-2018.2-xy\Nexys-Video-HDMI-2018.2-2\vivado_proj\Nexys-Video-HDMI.xpr
# Log file: C:/Users/Raymond/Downloads/Nexys-Video-HDMI-2018.2-xy/Nexys-Video-HDMI-2018.2-2/vivado_proj/vivado.log
# Journal file: C:/Users/Raymond/Downloads/Nexys-Video-HDMI-2018.2-xy/Nexys-Video-HDMI-2018.2-2/vivado_proj\vivado.jou
#-----------------------------------------------------------
start_gui
open_project C:/Users/Raymond/Downloads/Nexys-Video-HDMI-2018.2-xy/Nexys-Video-HDMI-2018.2-2/vivado_proj/Nexys-Video-HDMI.xpr
update_compile_order -fileset sources_1
reset_run impl_1 -prev_step 
launch_runs impl_1 -to_step write_bitstream -jobs 4
wait_on_run impl_1
file copy -force C:/Users/Raymond/Downloads/Nexys-Video-HDMI-2018.2-xy/Nexys-Video-HDMI-2018.2-2/vivado_proj/Nexys-Video-HDMI.runs/impl_1/hdmi_wrapper.sysdef C:/Users/Raymond/Downloads/Nexys-Video-HDMI-2018.2-xy/Nexys-Video-HDMI-2018.2-2/vivado_proj/Nexys-Video-HDMI.sdk/hdmi_wrapper.hdf

launch_sdk -workspace C:/Users/Raymond/Downloads/Nexys-Video-HDMI-2018.2-xy/Nexys-Video-HDMI-2018.2-2/vivado_proj/Nexys-Video-HDMI.sdk -hwspec C:/Users/Raymond/Downloads/Nexys-Video-HDMI-2018.2-xy/Nexys-Video-HDMI-2018.2-2/vivado_proj/Nexys-Video-HDMI.sdk/hdmi_wrapper.hdf
