../src/demo.c: In function 'main':
../src/demo.c:262:5: warning: unused variable 'value' [-Wunused-variable]
  u8 value = 0;
     ^~~~~
../src/demo.c:261:5: warning: unused variable 'statuReg' [-Wunused-variable]
  u8 statuReg = 0x00;
     ^~~~~~~~
../src/demo.c:260:5: warning: unused variable 'acl2_status1' [-Wunused-variable]
  u8 acl2_status1 = 0;
     ^~~~~~~~~~~~
../src/demo.c:256:8: warning: unused variable 'avg_acceleration1' [-Wunused-variable]
  float avg_acceleration1 = 0.0;
        ^~~~~~~~~~~~~~~~~
../src/demo.c:255:8: warning: unused variable 'avg_acceleration0' [-Wunused-variable]
  float avg_acceleration0 = 0.0;
        ^~~~~~~~~~~~~~~~~
../src/demo.c:253:8: warning: variable 'y_data' set but not used [-Wunused-but-set-variable]
  float y_data=0.0; //0x10(L)-0x11(H)
        ^~~~~~
../src/demo.c:252:8: warning: variable 'x_data' set but not used [-Wunused-but-set-variable]
  float x_data=0.0; //0x0E(L)-0x0F(H)
        ^~~~~~
'Finished building: ../src/demo.c'
' '
'Building file: ../src/platform.c'
'Invoking: MicroBlaze gcc compiler'
mb-gcc -Wall -O0 -g3 -c -fmessage-length=0 -MT"src/platform.o" -I../../acl2_audio_v1_bsp/microblaze_0/include -mlittle-endian -mxl-pattern-compare -mno-xl-soft-div -mcpu=v11.0 -mno-xl-soft-mul -mhard-float -Wl,--no-relax -ffunction-sections -fdata-sections -MMD -MP -MF"src/platform.d" -MT"src/platform.o" -o "src/platform.o" "../src/platform.c"
'Finished building: ../src/platform.c'
' '
'Building target: acl2_audio_v1.elf'
'Invoking: MicroBlaze gcc linker'
mb-gcc -Wl,-T -Wl,../src/lscript.ld -L../../acl2_audio_v1_bsp/microblaze_0/lib -mlittle-endian -mxl-pattern-compare -mno-xl-soft-div -mcpu=v11.0 -mno-xl-soft-mul -mhard-float -Wl,--no-relax -Wl,--gc-sections -o "acl2_audio_v1.elf"  ./src/userio/userio.o  ./src/intc/intc.o  ./src/iic/iic.o  ./src/dma/dma.o  ./src/audio/audio.o  ./src/demo.o ./src/platform.o   -Wl,--start-group,-lxil,-lgcc,-lc,--end-group
'Finished building target: acl2_audio_v1.elf'
' '
'Invoking: MicroBlaze Print Size'
mb-size acl2_audio_v1.elf  |tee "acl2_audio_v1.elf.size"
   text	   data	    bss	    dec	    hex	filename
 738412	   1744	   5540	 745696	  b60e0	acl2_audio_v1.elf
'Finished building: acl2_audio_v1.elf.size'
' '
15:56:29 **** Incremental Build of configuration Debug for project acl2_audio_v1 ****
make all 
make: Nothing to be done for 'all'.
16:01:37 **** Incremental Build of configuration Debug for project acl2_audio_v1 ****
make all 
make: Nothing to be done for 'all'.
16:42:45 **** Auto Build of configuration Debug for project acl2_audio_v1 ****
make all 
make: Nothing to be done for 'all'.
16:43:06 **** Auto Build of configuration Debug for project acl2_audio_v1 ****
make all 
'Building file: ../src/demo.c'
'Invoking: MicroBlaze gcc compiler'
mb-gcc -Wall -O0 -g3 -c -fmessage-length=0 -MT"src/demo.o" -I../../acl2_audio_v1_bsp/microblaze_0/include -mlittle-endian -mxl-pattern-compare -mno-xl-soft-div -mcpu=v11.0 -mno-xl-soft-mul -mhard-float -Wl,--no-relax -ffunction-sections -fdata-sections -MMD -MP -MF"src/demo.d" -MT"src/demo.o" -o "src/demo.o" "../src/demo.c"
../src/demo.c: In function 'main':
../src/demo.c:262:5: warning: unused variable 'value' [-Wunused-variable]
  u8 value = 0;
     ^~~~~
../src/demo.c:261:5: warning: unused variable 'statuReg' [-Wunused-variable]
  u8 statuReg = 0x00;
     ^~~~~~~~
../src/demo.c:260:5: warning: unused variable 'acl2_status1' [-Wunused-variable]
  u8 acl2_status1 = 0;
     ^~~~~~~~~~~~
../src/demo.c:256:8: warning: unused variable 'avg_acceleration1' [-Wunused-variable]
  float avg_acceleration1 = 0.0;
        ^~~~~~~~~~~~~~~~~
../src/demo.c:255:8: warning: unused variable 'avg_acceleration0' [-Wunused-variable]
  float avg_acceleration0 = 0.0;
        ^~~~~~~~~~~~~~~~~
../src/demo.c:253:8: warning: variable 'y_data' set but not used [-Wunused-but-set-variable]
  float y_data=0.0; //0x10(L)-0x11(H)
        ^~~~~~
../src/demo.c:252:8: warning: variable 'x_data' set but not used [-Wunused-but-set-variable]
  float x_data=0.0; //0x0E(L)-0x0F(H)
        ^~~~~~
'Finished building: ../src/demo.c'
' '
'Building target: acl2_audio_v1.elf'
'Invoking: MicroBlaze gcc linker'
mb-gcc -Wl,-T -Wl,../src/lscript.ld -L../../acl2_audio_v1_bsp/microblaze_0/lib -mlittle-endian -mxl-pattern-compare -mno-xl-soft-div -mcpu=v11.0 -mno-xl-soft-mul -mhard-float -Wl,--no-relax -Wl,--gc-sections -o "acl2_audio_v1.elf"  ./src/userio/userio.o  ./src/intc/intc.o  ./src/iic/iic.o  ./src/dma/dma.o  ./src/audio/audio.o  ./src/demo.o ./src/platform.o   -Wl,--start-group,-lxil,-lgcc,-lc,--end-group
'Finished building target: acl2_audio_v1.elf'
' '
'Invoking: MicroBlaze Print Size'
mb-size acl2_audio_v1.elf  |tee "acl2_audio_v1.elf.size"
   text	   data	    bss	    dec	    hex	filename
 738412	   1744	   5540	 745696	  b60e0	acl2_audio_v1.elf
'Finished building: acl2_audio_v1.elf.size'
' '
16:43:14 **** Auto Build of configuration Debug for project acl2_audio_v1 ****
make all 
'Building file: ../src/demo.c'
'Invoking: MicroBlaze gcc compiler'
mb-gcc -Wall -O0 -g3 -c -fmessage-length=0 -MT"src/demo.o" -I../../acl2_audio_v1_bsp/microblaze_0/include -mlittle-endian -mxl-pattern-compare -mno-xl-soft-div -mcpu=v11.0 -mno-xl-soft-mul -mhard-float -Wl,--no-relax -ffunction-sections -fdata-sections -MMD -MP -MF"src/demo.d" -MT"src/demo.o" -o "src/demo.o" "../src/demo.c"
../src/demo.c: In function 'load_wav_to_ddr':
../src/demo.c:212:32: error: 'guitarA2_48k_24' undeclared (first use in this function)
     for (int i = 0; i < sizeof(guitarA2_48k_24); i++) {
                                ^~~~~~~~~~~~~~~
../src/demo.c:212:32: note: each undeclared identifier is reported only once for each function it appears in
../src/demo.c: In function 'main':
../src/demo.c:262:5: warning: unused variable 'value' [-Wunused-variable]
  u8 value = 0;
     ^~~~~
../src/demo.c:261:5: warning: unused variable 'statuReg' [-Wunused-variable]
  u8 statuReg = 0x00;
     ^~~~~~~~
../src/demo.c:260:5: warning: unused variable 'acl2_status1' [-Wunused-variable]
  u8 acl2_status1 = 0;
     ^~~~~~~~~~~~
../src/demo.c:256:8: warning: unused variable 'avg_acceleration1' [-Wunused-variable]
  float avg_acceleration1 = 0.0;
        ^~~~~~~~~~~~~~~~~
../src/demo.c:255:8: warning: unused variable 'avg_acceleration0' [-Wunused-variable]
  float avg_acceleration0 = 0.0;
        ^~~~~~~~~~~~~~~~~
../src/demo.c:253:8: warning: variable 'y_data' set but not used [-Wunused-but-set-variable]
  float y_data=0.0; //0x10(L)-0x11(H)
        ^~~~~~
../src/demo.c:252:8: warning: variable 'x_data' set but not used [-Wunused-but-set-variable]
  float x_data=0.0; //0x0E(L)-0x0F(H)
        ^~~~~~
make: *** [src/subdir.mk:26: src/demo.o] Error 1
16:43:16 **** Incremental Build of configuration Debug for project acl2_audio_v1 ****
make all 
'Building file: ../src/demo.c'
'Invoking: MicroBlaze gcc compiler'
mb-gcc -Wall -O0 -g3 -c -fmessage-length=0 -MT"src/demo.o" -I../../acl2_audio_v1_bsp/microblaze_0/include -mlittle-endian -mxl-pattern-compare -mno-xl-soft-div -mcpu=v11.0 -mno-xl-soft-mul -mhard-float -Wl,--no-relax -ffunction-sections -fdata-sections -MMD -MP -MF"src/demo.d" -MT"src/demo.o" -o "src/demo.o" "../src/demo.c"
../src/demo.c: In function 'load_wav_to_ddr':
../src/demo.c:212:32: error: 'guitarA2_48k_24' undeclared (first use in this function)
     for (int i = 0; i < sizeof(guitarA2_48k_24); i++) {
                                ^~~~~~~~~~~~~~~
../src/demo.c:212:32: note: each undeclared identifier is reported only once for each function it appears in
../src/demo.c: In function 'main':
../src/demo.c:262:5: warning: unused variable 'value' [-Wunused-variable]
  u8 value = 0;
     ^~~~~
../src/demo.c:261:5: warning: unused variable 'statuReg' [-Wunused-variable]
  u8 statuReg = 0x00;
     ^~~~~~~~
../src/demo.c:260:5: warning: unused variable 'acl2_status1' [-Wunused-variable]
  u8 acl2_status1 = 0;
     ^~~~~~~~~~~~
../src/demo.c:256:8: warning: unused variable 'avg_acceleration1' [-Wunused-variable]
  float avg_acceleration1 = 0.0;
        ^~~~~~~~~~~~~~~~~
../src/demo.c:255:8: warning: unused variable 'avg_acceleration0' [-Wunused-variable]
  float avg_acceleration0 = 0.0;
        ^~~~~~~~~~~~~~~~~
../src/demo.c:253:8: warning: variable 'y_data' set but not used [-Wunused-but-set-variable]
  float y_data=0.0; //0x10(L)-0x11(H)
        ^~~~~~
../src/demo.c:252:8: warning: variable 'x_data' set but not used [-Wunused-but-set-variable]
  float x_data=0.0; //0x0E(L)-0x0F(H)
        ^~~~~~
make: *** [src/subdir.mk:26: src/demo.o] Error 1
16:43:53 **** Auto Build of configuration Debug for project acl2_audio_v1 ****
make all 
'Building file: ../src/demo.c'
'Invoking: MicroBlaze gcc compiler'
mb-gcc -Wall -O0 -g3 -c -fmessage-length=0 -MT"src/demo.o" -I../../acl2_audio_v1_bsp/microblaze_0/include -mlittle-endian -mxl-pattern-compare -mno-xl-soft-div -mcpu=v11.0 -mno-xl-soft-mul -mhard-float -Wl,--no-relax -ffunction-sections -fdata-sections -MMD -MP -MF"src/demo.d" -MT"src/demo.o" -o "src/demo.o" "../src/demo.c"
../src/demo.c: In function 'main':
../src/demo.c:262:5: warning: unused variable 'value' [-Wunused-variable]
  u8 value = 0;
     ^~~~~
../src/demo.c:261:5: warning: unused variable 'statuReg' [-Wunused-variable]
  u8 statuReg = 0x00;
     ^~~~~~~~
../src/demo.c:260:5: warning: unused variable 'acl2_status1' [-Wunused-variable]
  u8 acl2_status1 = 0;
     ^~~~~~~~~~~~
../src/demo.c:256:8: warning: unused variable 'avg_acceleration1' [-Wunused-variable]
  float avg_acceleration1 = 0.0;
        ^~~~~~~~~~~~~~~~~
../src/demo.c:255:8: warning: unused variable 'avg_acceleration0' [-Wunused-variable]
  float avg_acceleration0 = 0.0;
        ^~~~~~~~~~~~~~~~~
../src/demo.c:253:8: warning: variable 'y_data' set but not used [-Wunused-but-set-variable]
  float y_data=0.0; //0x10(L)-0x11(H)
        ^~~~~~
../src/demo.c:252:8: warning: variable 'x_data' set but not used [-Wunused-but-set-variable]
  float x_data=0.0; //0x0E(L)-0x0F(H)
        ^~~~~~
'Finished building: ../src/demo.c'
' '
'Building target: acl2_audio_v1.elf'
'Invoking: MicroBlaze gcc linker'
mb-gcc -Wl,-T -Wl,../src/lscript.ld -L../../acl2_audio_v1_bsp/microblaze_0/lib -mlittle-endian -mxl-pattern-compare -mno-xl-soft-div -mcpu=v11.0 -mno-xl-soft-mul -mhard-float -Wl,--no-relax -Wl,--gc-sections -o "acl2_audio_v1.elf"  ./src/userio/userio.o  ./src/intc/intc.o  ./src/iic/iic.o  ./src/dma/dma.o  ./src/audio/audio.o  ./src/demo.o ./src/platform.o   -Wl,--start-group,-lxil,-lgcc,-lc,--end-group
'Finished building target: acl2_audio_v1.elf'
' '
'Invoking: MicroBlaze Print Size'
mb-size acl2_audio_v1.elf  |tee "acl2_audio_v1.elf.size"
   text	   data	    bss	    dec	    hex	filename
 485952	   1744	   5536	 493232	  786b0	acl2_audio_v1.elf
'Finished building: acl2_audio_v1.elf.size'
' '
16:44:01 **** Incremental Build of configuration Debug for project acl2_audio_v1 ****
make all 
make: Nothing to be done for 'all'.
16:46:44 **** Auto Build of configuration Debug for project acl2_audio_v1 ****
make all 
'Building file: ../src/demo.c'
'Invoking: MicroBlaze gcc compiler'
mb-gcc -Wall -O0 -g3 -c -fmessage-length=0 -MT"src/demo.o" -I../../acl2_audio_v1_bsp/microblaze_0/include -mlittle-endian -mxl-pattern-compare -mno-xl-soft-div -mcpu=v11.0 -mno-xl-soft-mul -mhard-float -Wl,--no-relax -ffunction-sections -fdata-sections -MMD -MP -MF"src/demo.d" -MT"src/demo.o" -o "src/demo.o" "../src/demo.c"
../src/demo.c: In function 'main':
../src/demo.c:262:5: warning: unused variable 'value' [-Wunused-variable]
  u8 value = 0;
     ^~~~~
../src/demo.c:261:5: warning: unused variable 'statuReg' [-Wunused-variable]
  u8 statuReg = 0x00;
     ^~~~~~~~
../src/demo.c:260:5: warning: unused variable 'acl2_status1' [-Wunused-variable]
  u8 acl2_status1 = 0;
     ^~~~~~~~~~~~
../src/demo.c:256:8: warning: unused variable 'avg_acceleration1' [-Wunused-variable]
  float avg_acceleration1 = 0.0;
        ^~~~~~~~~~~~~~~~~
../src/demo.c:255:8: warning: unused variable 'avg_acceleration0' [-Wunused-variable]
  float avg_acceleration0 = 0.0;
        ^~~~~~~~~~~~~~~~~
../src/demo.c:253:8: warning: variable 'y_data' set but not used [-Wunused-but-set-variable]
  float y_data=0.0; //0x10(L)-0x11(H)
        ^~~~~~
../src/demo.c:252:8: warning: variable 'x_data' set but not used [-Wunused-but-set-variable]
  float x_data=0.0; //0x0E(L)-0x0F(H)
        ^~~~~~
'Finished building: ../src/demo.c'
' '
'Building target: acl2_audio_v1.elf'
'Invoking: MicroBlaze gcc linker'
mb-gcc -Wl,-T -Wl,../src/lscript.ld -L../../acl2_audio_v1_bsp/microblaze_0/lib -mlittle-endian -mxl-pattern-compare -mno-xl-soft-div -mcpu=v11.0 -mno-xl-soft-mul -mhard-float -Wl,--no-relax -Wl,--gc-sections -o "acl2_audio_v1.elf"  ./src/userio/userio.o  ./src/intc/intc.o  ./src/iic/iic.o  ./src/dma/dma.o  ./src/audio/audio.o  ./src/demo.o ./src/platform.o   -Wl,--start-group,-lxil,-lgcc,-lc,--end-group
'Finished building target: acl2_audio_v1.elf'
' '
'Invoking: MicroBlaze Print Size'
mb-size acl2_audio_v1.elf  |tee "acl2_audio_v1.elf.size"
   text	   data	    bss	    dec	    hex	filename
 485956	   1744	   5540	 493240	  786b8	acl2_audio_v1.elf
'Finished building: acl2_audio_v1.elf.size'
' '
16:46:50 **** Incremental Build of configuration Debug for project acl2_audio_v1 ****
make all 
make: Nothing to be done for 'all'.
16:47:03 **** Auto Build of configuration Debug for project acl2_audio_v1 ****
make all 
'Building file: ../src/demo.c'
'Invoking: MicroBlaze gcc compiler'
mb-gcc -Wall -O0 -g3 -c -fmessage-length=0 -MT"src/demo.o" -I../../acl2_audio_v1_bsp/microblaze_0/include -mlittle-endian -mxl-pattern-compare -mno-xl-soft-div -mcpu=v11.0 -mno-xl-soft-mul -mhard-float -Wl,--no-relax -ffunction-sections -fdata-sections -MMD -MP -MF"src/demo.d" -MT"src/demo.o" -o "src/demo.o" "../src/demo.c"
../src/demo.c: In function 'main':
../src/demo.c:262:5: warning: unused variable 'value' [-Wunused-variable]
  u8 value = 0;
     ^~~~~
../src/demo.c:261:5: warning: unused variable 'statuReg' [-Wunused-variable]
  u8 statuReg = 0x00;
     ^~~~~~~~
../src/demo.c:260:5: warning: unused variable 'acl2_status1' [-Wunused-variable]
  u8 acl2_status1 = 0;
     ^~~~~~~~~~~~
../src/demo.c:256:8: warning: unused variable 'avg_acceleration1' [-Wunused-variable]
  float avg_acceleration1 = 0.0;
        ^~~~~~~~~~~~~~~~~
../src/demo.c:255:8: warning: unused variable 'avg_acceleration0' [-Wunused-variable]
  float avg_acceleration0 = 0.0;
        ^~~~~~~~~~~~~~~~~
../src/demo.c:253:8: warning: variable 'y_data' set but not used [-Wunused-but-set-variable]
  float y_data=0.0; //0x10(L)-0x11(H)
        ^~~~~~
../src/demo.c:252:8: warning: variable 'x_data' set but not used [-Wunused-but-set-variable]
  float x_data=0.0; //0x0E(L)-0x0F(H)
        ^~~~~~
'Finished building: ../src/demo.c'
' '
'Building target: acl2_audio_v1.elf'
'Invoking: MicroBlaze gcc linker'
mb-gcc -Wl,-T -Wl,../src/lscript.ld -L../../acl2_audio_v1_bsp/microblaze_0/lib -mlittle-endian -mxl-pattern-compare -mno-xl-soft-div -mcpu=v11.0 -mno-xl-soft-mul -mhard-float -Wl,--no-relax -Wl,--gc-sections -o "acl2_audio_v1.elf"  ./src/userio/userio.o  ./src/intc/intc.o  ./src/iic/iic.o  ./src/dma/dma.o  ./src/audio/audio.o  ./src/demo.o ./src/platform.o   -Wl,--start-group,-lxil,-lgcc,-lc,--end-group
'Finished building target: acl2_audio_v1.elf'
' '
'Invoking: MicroBlaze Print Size'
mb-size acl2_audio_v1.elf  |tee "acl2_audio_v1.elf.size"
   text	   data	    bss	    dec	    hex	filename
 485952	   1744	   5536	 493232	  786b0	acl2_audio_v1.elf
'Finished building: acl2_audio_v1.elf.size'
' '
16:49:30 **** Auto Build of configuration Debug for project acl2_audio_v1 ****
make all 
make: Nothing to be done for 'all'.
16:50:15 **** Auto Build of configuration Debug for project acl2_audio_v1 ****
make all 
make: Nothing to be done for 'all'.
16:50:16 **** Auto Build of configuration Debug for project acl2_audio_v1 ****
make all 
make: Nothing to be done for 'all'.
16:50:17 **** Auto Build of configuration Debug for project acl2_audio_v1 ****
make all 
make: Nothing to be done for 'all'.
16:50:20 **** Incremental Build of configuration Debug for project acl2_audio_v1 ****
make all 
make: Nothing to be done for 'all'.
16:50:34 **** Incremental Build of configuration Debug for project acl2_audio_v1 ****
make all 
make: Nothing to be done for 'all'.
16:51:01 **** Incremental Build of configuration Debug for project acl2_audio_v1 ****
make all 
'Building file: ../src/demo.c'
'Invoking: MicroBlaze gcc compiler'
mb-gcc -Wall -O0 -g3 -c -fmessage-length=0 -MT"src/demo.o" -I../../acl2_audio_v1_bsp/microblaze_0/include -mlittle-endian -mxl-pattern-compare -mno-xl-soft-div -mcpu=v11.0 -mno-xl-soft-mul -mhard-float -Wl,--no-relax -ffunction-sections -fdata-sections -MMD -MP -MF"src/demo.d" -MT"src/demo.o" -o "src/demo.o" "../src/demo.c"
../src/demo.c: In function 'load_wav_to_ddr':
../src/demo.c:212:32: error: 'guitarA2_44k_24' undeclared (first use in this function); did you mean 'guitarA2_48k_24'?
     for (int i = 0; i < sizeof(guitarA2_44k_24); i++) {
                                ^~~~~~~~~~~~~~~
                                guitarA2_48k_24
../src/demo.c:212:32: note: each undeclared identifier is reported only once for each function it appears in
../src/demo.c: In function 'main':
../src/demo.c:262:5: warning: unused variable 'value' [-Wunused-variable]
  u8 value = 0;
     ^~~~~
../src/demo.c:261:5: warning: unused variable 'statuReg' [-Wunused-variable]
  u8 statuReg = 0x00;
     ^~~~~~~~
../src/demo.c:260:5: warning: unused variable 'acl2_status1' [-Wunused-variable]
  u8 acl2_status1 = 0;
     ^~~~~~~~~~~~
../src/demo.c:256:8: warning: unused variable 'avg_acceleration1' [-Wunused-variable]
  float avg_acceleration1 = 0.0;
        ^~~~~~~~~~~~~~~~~
../src/demo.c:255:8: warning: unused variable 'avg_acceleration0' [-Wunused-variable]
  float avg_acceleration0 = 0.0;
        ^~~~~~~~~~~~~~~~~
../src/demo.c:253:8: warning: variable 'y_data' set but not used [-Wunused-but-set-variable]
  float y_data=0.0; //0x10(L)-0x11(H)
        ^~~~~~
../src/demo.c:252:8: warning: variable 'x_data' set but not used [-Wunused-but-set-variable]
  float x_data=0.0; //0x0E(L)-0x0F(H)
        ^~~~~~
make: *** [src/subdir.mk:26: src/demo.o] Error 1
16:51:34 **** Auto Build of configuration Debug for project acl2_audio_v1 ****
make all 
'Building file: ../src/demo.c'
'Invoking: MicroBlaze gcc compiler'
mb-gcc -Wall -O0 -g3 -c -fmessage-length=0 -MT"src/demo.o" -I../../acl2_audio_v1_bsp/microblaze_0/include -mlittle-endian -mxl-pattern-compare -mno-xl-soft-div -mcpu=v11.0 -mno-xl-soft-mul -mhard-float -Wl,--no-relax -ffunction-sections -fdata-sections -MMD -MP -MF"src/demo.d" -MT"src/demo.o" -o "src/demo.o" "../src/demo.c"
../src/demo.c: In function 'main':
../src/demo.c:262:5: warning: unused variable 'value' [-Wunused-variable]
  u8 value = 0;
     ^~~~~
../src/demo.c:261:5: warning: unused variable 'statuReg' [-Wunused-variable]
  u8 statuReg = 0x00;
     ^~~~~~~~
../src/demo.c:260:5: warning: unused variable 'acl2_status1' [-Wunused-variable]
  u8 acl2_status1 = 0;
     ^~~~~~~~~~~~
../src/demo.c:256:8: warning: unused variable 'avg_acceleration1' [-Wunused-variable]
  float avg_acceleration1 = 0.0;
        ^~~~~~~~~~~~~~~~~
../src/demo.c:255:8: warning: unused variable 'avg_acceleration0' [-Wunused-variable]
  float avg_acceleration0 = 0.0;
        ^~~~~~~~~~~~~~~~~
../src/demo.c:253:8: warning: variable 'y_data' set but not used [-Wunused-but-set-variable]
  float y_data=0.0; //0x10(L)-0x11(H)
        ^~~~~~
../src/demo.c:252:8: warning: variable 'x_data' set but not used [-Wunused-but-set-variable]
  float x_data=0.0; //0x0E(L)-0x0F(H)
        ^~~~~~
'Finished building: ../src/demo.c'
' '
'Building target: acl2_audio_v1.elf'
'Invoking: MicroBlaze gcc linker'
mb-gcc -Wl,-T -Wl,../src/lscript.ld -L../../acl2_audio_v1_bsp/microblaze_0/lib -mlittle-endian -mxl-pattern-compare -mno-xl-soft-div -mcpu=v11.0 -mno-xl-soft-mul -mhard-float -Wl,--no-relax -Wl,--gc-sections -o "acl2_audio_v1.elf"  ./src/userio/userio.o  ./src/intc/intc.o  ./src/iic/iic.o  ./src/dma/dma.o  ./src/audio/audio.o  ./src/demo.o ./src/platform.o   -Wl,--start-group,-lxil,-lgcc,-lc,--end-group
'Finished building target: acl2_audio_v1.elf'
' '
'Invoking: MicroBlaze Print Size'
mb-size acl2_audio_v1.elf  |tee "acl2_audio_v1.elf.size"
   text	   data	    bss	    dec	    hex	filename
 454752	   1744	   5536	 462032	  70cd0	acl2_audio_v1.elf
'Finished building: acl2_audio_v1.elf.size'
' '
16:51:43 **** Incremental Build of configuration Debug for project acl2_audio_v1 ****
make all 
make: Nothing to be done for 'all'.
16:52:12 **** Auto Build of configuration Debug for project acl2_audio_v1 ****
make all 
'Building file: ../src/demo.c'
'Invoking: MicroBlaze gcc compiler'
mb-gcc -Wall -O0 -g3 -c -fmessage-length=0 -MT"src/demo.o" -I../../acl2_audio_v1_bsp/microblaze_0/include -mlittle-endian -mxl-pattern-compare -mno-xl-soft-div -mcpu=v11.0 -mno-xl-soft-mul -mhard-float -Wl,--no-relax -ffunction-sections -fdata-sections -MMD -MP -MF"src/demo.d" -MT"src/demo.o" -o "src/demo.o" "../src/demo.c"
../src/demo.c: In function 'load_wav_to_ddr':
../src/demo.c:212:32: error: 'guitarA2_44k_16' undeclared (first use in this function); did you mean 'guitarA2_44k_16k'?
     for (int i = 0; i < sizeof(guitarA2_44k_16); i++) {
                                ^~~~~~~~~~~~~~~
                                guitarA2_44k_16k
../src/demo.c:212:32: note: each undeclared identifier is reported only once for each function it appears in
../src/demo.c: In function 'main':
../src/demo.c:262:5: warning: unused variable 'value' [-Wunused-variable]
  u8 value = 0;
     ^~~~~
../src/demo.c:261:5: warning: unused variable 'statuReg' [-Wunused-variable]
  u8 statuReg = 0x00;
     ^~~~~~~~
../src/demo.c:260:5: warning: unused variable 'acl2_status1' [-Wunused-variable]
  u8 acl2_status1 = 0;
     ^~~~~~~~~~~~
../src/demo.c:256:8: warning: unused variable 'avg_acceleration1' [-Wunused-variable]
  float avg_acceleration1 = 0.0;
        ^~~~~~~~~~~~~~~~~
../src/demo.c:255:8: warning: unused variable 'avg_acceleration0' [-Wunused-variable]
  float avg_acceleration0 = 0.0;
        ^~~~~~~~~~~~~~~~~
../src/demo.c:253:8: warning: variable 'y_data' set but not used [-Wunused-but-set-variable]
  float y_data=0.0; //0x10(L)-0x11(H)
        ^~~~~~
../src/demo.c:252:8: warning: variable 'x_data' set but not used [-Wunused-but-set-variable]
  float x_data=0.0; //0x0E(L)-0x0F(H)
        ^~~~~~
make: *** [src/subdir.mk:26: src/demo.o] Error 1
16:52:19 **** Auto Build of configuration Debug for project acl2_audio_v1 ****
make all 
'Building file: ../src/demo.c'
'Invoking: MicroBlaze gcc compiler'
mb-gcc -Wall -O0 -g3 -c -fmessage-length=0 -MT"src/demo.o" -I../../acl2_audio_v1_bsp/microblaze_0/include -mlittle-endian -mxl-pattern-compare -mno-xl-soft-div -mcpu=v11.0 -mno-xl-soft-mul -mhard-float -Wl,--no-relax -ffunction-sections -fdata-sections -MMD -MP -MF"src/demo.d" -MT"src/demo.o" -o "src/demo.o" "../src/demo.c"
../src/demo.c: In function 'load_wav_to_ddr':
../src/demo.c:212:32: error: 'guitarA2_44k_16' undeclared (first use in this function); did you mean 'guitarA2_44k_16k'?
     for (int i = 0; i < sizeof(guitarA2_44k_16); i++) {
                                ^~~~~~~~~~~~~~~
                                guitarA2_44k_16k
../src/demo.c:212:32: note: each undeclared identifier is reported only once for each function it appears in
../src/demo.c: In function 'main':
../src/demo.c:262:5: warning: unused variable 'value' [-Wunused-variable]
  u8 value = 0;
     ^~~~~
../src/demo.c:261:5: warning: unused variable 'statuReg' [-Wunused-variable]
  u8 statuReg = 0x00;
     ^~~~~~~~
../src/demo.c:260:5: warning: unused variable 'acl2_status1' [-Wunused-variable]
  u8 acl2_status1 = 0;
     ^~~~~~~~~~~~
../src/demo.c:256:8: warning: unused variable 'avg_acceleration1' [-Wunused-variable]
  float avg_acceleration1 = 0.0;
        ^~~~~~~~~~~~~~~~~
../src/demo.c:255:8: warning: unused variable 'avg_acceleration0' [-Wunused-variable]
  float avg_acceleration0 = 0.0;
        ^~~~~~~~~~~~~~~~~
../src/demo.c:253:8: warning: variable 'y_data' set but not used [-Wunused-but-set-variable]
  float y_data=0.0; //0x10(L)-0x11(H)
        ^~~~~~
../src/demo.c:252:8: warning: variable 'x_data' set but not used [-Wunused-but-set-variable]
  float x_data=0.0; //0x0E(L)-0x0F(H)
        ^~~~~~
make: *** [src/subdir.mk:26: src/demo.o] Error 1
16:52:23 **** Incremental Build of configuration Debug for project acl2_audio_v1 ****
make all 
'Building file: ../src/demo.c'
'Invoking: MicroBlaze gcc compiler'
mb-gcc -Wall -O0 -g3 -c -fmessage-length=0 -MT"src/demo.o" -I../../acl2_audio_v1_bsp/microblaze_0/include -mlittle-endian -mxl-pattern-compare -mno-xl-soft-div -mcpu=v11.0 -mno-xl-soft-mul -mhard-float -Wl,--no-relax -ffunction-sections -fdata-sections -MMD -MP -MF"src/demo.d" -MT"src/demo.o" -o "src/demo.o" "../src/demo.c"
../src/demo.c: In function 'load_wav_to_ddr':
../src/demo.c:212:32: error: 'guitarA2_44k_16' undeclared (first use in this function); did you mean 'guitarA2_44k_16k'?
     for (int i = 0; i < sizeof(guitarA2_44k_16); i++) {
                                ^~~~~~~~~~~~~~~
                                guitarA2_44k_16k
../src/demo.c:212:32: note: each undeclared identifier is reported only once for each function it appears in
../src/demo.c: In function 'main':
../src/demo.c:262:5: warning: unused variable 'value' [-Wunused-variable]
  u8 value = 0;
     ^~~~~
../src/demo.c:261:5: warning: unused variable 'statuReg' [-Wunused-variable]
  u8 statuReg = 0x00;
     ^~~~~~~~
../src/demo.c:260:5: warning: unused variable 'acl2_status1' [-Wunused-variable]
  u8 acl2_status1 = 0;
     ^~~~~~~~~~~~
../src/demo.c:256:8: warning: unused variable 'avg_acceleration1' [-Wunused-variable]
  float avg_acceleration1 = 0.0;
        ^~~~~~~~~~~~~~~~~
../src/demo.c:255:8: warning: unused variable 'avg_acceleration0' [-Wunused-variable]
  float avg_acceleration0 = 0.0;
        ^~~~~~~~~~~~~~~~~
../src/demo.c:253:8: warning: variable 'y_data' set but not used [-Wunused-but-set-variable]
  float y_data=0.0; //0x10(L)-0x11(H)
        ^~~~~~
../src/demo.c:252:8: warning: variable 'x_data' set but not used [-Wunused-but-set-variable]
  float x_data=0.0; //0x0E(L)-0x0F(H)
        ^~~~~~
make: *** [src/subdir.mk:26: src/demo.o] Error 1
16:52:44 **** Auto Build of configuration Debug for project acl2_audio_v1 ****
make all 
'Building file: ../src/demo.c'
'Invoking: MicroBlaze gcc compiler'
mb-gcc -Wall -O0 -g3 -c -fmessage-length=0 -MT"src/demo.o" -I../../acl2_audio_v1_bsp/microblaze_0/include -mlittle-endian -mxl-pattern-compare -mno-xl-soft-div -mcpu=v11.0 -mno-xl-soft-mul -mhard-float -Wl,--no-relax -ffunction-sections -fdata-sections -MMD -MP -MF"src/demo.d" -MT"src/demo.o" -o "src/demo.o" "../src/demo.c"
In file included from ../src/audio/audio.h:67:0,
                 from ../src/demo.c:92:
../src/demo.c: In function 'load_wav_to_ddr':
../src/demo.c:216:50: error: 'guitarA2_44k_16' undeclared (first use in this function); did you mean 'guitarA2_44k_16k'?
     Xil_DCacheFlushRange((INTPTR)ddr_ptr, sizeof(guitarA2_44k_16));
                                                  ^
../../acl2_audio_v1_bsp/microblaze_0/include/xil_cache.h:186:45: note: in definition of macro 'Xil_L2CacheFlushRange'
   microblaze_flush_cache_ext_range((Addr), (Len))
                                             ^~~
../src/demo.c:216:5: note: in expansion of macro 'Xil_DCacheFlushRange'
     Xil_DCacheFlushRange((INTPTR)ddr_ptr, sizeof(guitarA2_44k_16));
     ^~~~~~~~~~~~~~~~~~~~
../src/demo.c:216:50: note: each undeclared identifier is reported only once for each function it appears in
     Xil_DCacheFlushRange((INTPTR)ddr_ptr, sizeof(guitarA2_44k_16));
                                                  ^
../../acl2_audio_v1_bsp/microblaze_0/include/xil_cache.h:186:45: note: in definition of macro 'Xil_L2CacheFlushRange'
   microblaze_flush_cache_ext_range((Addr), (Len))
                                             ^~~
../src/demo.c:216:5: note: in expansion of macro 'Xil_DCacheFlushRange'
     Xil_DCacheFlushRange((INTPTR)ddr_ptr, sizeof(guitarA2_44k_16));
     ^~~~~~~~~~~~~~~~~~~~
../src/demo.c: In function 'main':
../src/demo.c:262:5: warning: unused variable 'value' [-Wunused-variable]
  u8 value = 0;
     ^~~~~
../src/demo.c:261:5: warning: unused variable 'statuReg' [-Wunused-variable]
  u8 statuReg = 0x00;
     ^~~~~~~~
../src/demo.c:260:5: warning: unused variable 'acl2_status1' [-Wunused-variable]
  u8 acl2_status1 = 0;
     ^~~~~~~~~~~~
../src/demo.c:256:8: warning: unused variable 'avg_acceleration1' [-Wunused-variable]
  float avg_acceleration1 = 0.0;
        ^~~~~~~~~~~~~~~~~
../src/demo.c:255:8: warning: unused variable 'avg_acceleration0' [-Wunused-variable]
  float avg_acceleration0 = 0.0;
        ^~~~~~~~~~~~~~~~~
../src/demo.c:253:8: warning: variable 'y_data' set but not used [-Wunused-but-set-variable]
  float y_data=0.0; //0x10(L)-0x11(H)
        ^~~~~~
../src/demo.c:252:8: warning: variable 'x_data' set but not used [-Wunused-but-set-variable]
  float x_data=0.0; //0x0E(L)-0x0F(H)
        ^~~~~~
make: *** [src/subdir.mk:26: src/demo.o] Error 1
16:52:48 **** Incremental Build of configuration Debug for project acl2_audio_v1 ****
make all 
'Building file: ../src/demo.c'
'Invoking: MicroBlaze gcc compiler'
mb-gcc -Wall -O0 -g3 -c -fmessage-length=0 -MT"src/demo.o" -I../../acl2_audio_v1_bsp/microblaze_0/include -mlittle-endian -mxl-pattern-compare -mno-xl-soft-div -mcpu=v11.0 -mno-xl-soft-mul -mhard-float -Wl,--no-relax -ffunction-sections -fdata-sections -MMD -MP -MF"src/demo.d" -MT"src/demo.o" -o "src/demo.o" "../src/demo.c"
In file included from ../src/audio/audio.h:67:0,
                 from ../src/demo.c:92:
../src/demo.c: In function 'load_wav_to_ddr':
../src/demo.c:216:50: error: 'guitarA2_44k_16' undeclared (first use in this function); did you mean 'guitarA2_44k_16k'?
     Xil_DCacheFlushRange((INTPTR)ddr_ptr, sizeof(guitarA2_44k_16));
                                                  ^
../../acl2_audio_v1_bsp/microblaze_0/include/xil_cache.h:186:45: note: in definition of macro 'Xil_L2CacheFlushRange'
   microblaze_flush_cache_ext_range((Addr), (Len))
                                             ^~~
../src/demo.c:216:5: note: in expansion of macro 'Xil_DCacheFlushRange'
     Xil_DCacheFlushRange((INTPTR)ddr_ptr, sizeof(guitarA2_44k_16));
     ^~~~~~~~~~~~~~~~~~~~
../src/demo.c:216:50: note: each undeclared identifier is reported only once for each function it appears in
     Xil_DCacheFlushRange((INTPTR)ddr_ptr, sizeof(guitarA2_44k_16));
                                                  ^
../../acl2_audio_v1_bsp/microblaze_0/include/xil_cache.h:186:45: note: in definition of macro 'Xil_L2CacheFlushRange'
   microblaze_flush_cache_ext_range((Addr), (Len))
                                             ^~~
../src/demo.c:216:5: note: in expansion of macro 'Xil_DCacheFlushRange'
     Xil_DCacheFlushRange((INTPTR)ddr_ptr, sizeof(guitarA2_44k_16));
     ^~~~~~~~~~~~~~~~~~~~
../src/demo.c: In function 'main':
../src/demo.c:262:5: warning: unused variable 'value' [-Wunused-variable]
  u8 value = 0;
     ^~~~~
../src/demo.c:261:5: warning: unused variable 'statuReg' [-Wunused-variable]
  u8 statuReg = 0x00;
     ^~~~~~~~
../src/demo.c:260:5: warning: unused variable 'acl2_status1' [-Wunused-variable]
  u8 acl2_status1 = 0;
     ^~~~~~~~~~~~
../src/demo.c:256:8: warning: unused variable 'avg_acceleration1' [-Wunused-variable]
  float avg_acceleration1 = 0.0;
        ^~~~~~~~~~~~~~~~~
../src/demo.c:255:8: warning: unused variable 'avg_acceleration0' [-Wunused-variable]
  float avg_acceleration0 = 0.0;
        ^~~~~~~~~~~~~~~~~
../src/demo.c:253:8: warning: variable 'y_data' set but not used [-Wunused-but-set-variable]
  float y_data=0.0; //0x10(L)-0x11(H)
        ^~~~~~
../src/demo.c:252:8: warning: variable 'x_data' set but not used [-Wunused-but-set-variable]
  float x_data=0.0; //0x0E(L)-0x0F(H)
        ^~~~~~
make: *** [src/subdir.mk:26: src/demo.o] Error 1
16:52:56 **** Auto Build of configuration Debug for project acl2_audio_v1 ****
make all 
'Building file: ../src/demo.c'
'Invoking: MicroBlaze gcc compiler'
mb-gcc -Wall -O0 -g3 -c -fmessage-length=0 -MT"src/demo.o" -I../../acl2_audio_v1_bsp/microblaze_0/include -mlittle-endian -mxl-pattern-compare -mno-xl-soft-div -mcpu=v11.0 -mno-xl-soft-mul -mhard-float -Wl,--no-relax -ffunction-sections -fdata-sections -MMD -MP -MF"src/demo.d" -MT"src/demo.o" -o "src/demo.o" "../src/demo.c"
../src/demo.c: In function 'main':
../src/demo.c:262:5: warning: unused variable 'value' [-Wunused-variable]
  u8 value = 0;
     ^~~~~
../src/demo.c:261:5: warning: unused variable 'statuReg' [-Wunused-variable]
  u8 statuReg = 0x00;
     ^~~~~~~~
../src/demo.c:260:5: warning: unused variable 'acl2_status1' [-Wunused-variable]
  u8 acl2_status1 = 0;
     ^~~~~~~~~~~~
../src/demo.c:256:8: warning: unused variable 'avg_acceleration1' [-Wunused-variable]
  float avg_acceleration1 = 0.0;
        ^~~~~~~~~~~~~~~~~
../src/demo.c:255:8: warning: unused variable 'avg_acceleration0' [-Wunused-variable]
  float avg_acceleration0 = 0.0;
        ^~~~~~~~~~~~~~~~~
../src/demo.c:253:8: warning: variable 'y_data' set but not used [-Wunused-but-set-variable]
  float y_data=0.0; //0x10(L)-0x11(H)
        ^~~~~~
../src/demo.c:252:8: warning: variable 'x_data' set but not used [-Wunused-but-set-variable]
  float x_data=0.0; //0x0E(L)-0x0F(H)
        ^~~~~~
'Finished building: ../src/demo.c'
' '
'Building target: acl2_audio_v1.elf'
'Invoking: MicroBlaze gcc linker'
mb-gcc -Wl,-T -Wl,../src/lscript.ld -L../../acl2_audio_v1_bsp/microblaze_0/lib -mlittle-endian -mxl-pattern-compare -mno-xl-soft-div -mcpu=v11.0 -mno-xl-soft-mul -mhard-float -Wl,--no-relax -Wl,--gc-sections -o "acl2_audio_v1.elf"  ./src/userio/userio.o  ./src/intc/intc.o  ./src/iic/iic.o  ./src/dma/dma.o  ./src/audio/audio.o  ./src/demo.o ./src/platform.o   -Wl,--start-group,-lxil,-lgcc,-lc,--end-group
'Finished building target: acl2_audio_v1.elf'
' '
'Invoking: MicroBlaze Print Size'
mb-size acl2_audio_v1.elf  |tee "acl2_audio_v1.elf.size"
   text	   data	    bss	    dec	    hex	filename
 278356	   1744	   5540	 285640	  45bc8	acl2_audio_v1.elf
'Finished building: acl2_audio_v1.elf.size'
' '
16:53:05 **** Incremental Build of configuration Debug for project acl2_audio_v1 ****
make all 
make: Nothing to be done for 'all'.
16:53:46 **** Auto Build of configuration Debug for project acl2_audio_v1 ****
make all 
'Building file: ../src/demo.c'
'Invoking: MicroBlaze gcc compiler'
mb-gcc -Wall -O0 -g3 -c -fmessage-length=0 -MT"src/demo.o" -I../../acl2_audio_v1_bsp/microblaze_0/include -mlittle-endian -mxl-pattern-compare -mno-xl-soft-div -mcpu=v11.0 -mno-xl-soft-mul -mhard-float -Wl,--no-relax -ffunction-sections -fdata-sections -MMD -MP -MF"src/demo.d" -MT"src/demo.o" -o "src/demo.o" "../src/demo.c"
../src/demo.c: In function 'main':
../src/demo.c:262:5: warning: unused variable 'value' [-Wunused-variable]
  u8 value = 0;
     ^~~~~
../src/demo.c:261:5: warning: unused variable 'statuReg' [-Wunused-variable]
  u8 statuReg = 0x00;
     ^~~~~~~~
../src/demo.c:260:5: warning: unused variable 'acl2_status1' [-Wunused-variable]
  u8 acl2_status1 = 0;
     ^~~~~~~~~~~~
../src/demo.c:256:8: warning: unused variable 'avg_acceleration1' [-Wunused-variable]
  float avg_acceleration1 = 0.0;
        ^~~~~~~~~~~~~~~~~
../src/demo.c:255:8: warning: unused variable 'avg_acceleration0' [-Wunused-variable]
  float avg_acceleration0 = 0.0;
        ^~~~~~~~~~~~~~~~~
../src/demo.c:253:8: warning: variable 'y_data' set but not used [-Wunused-but-set-variable]
  float y_data=0.0; //0x10(L)-0x11(H)
        ^~~~~~
../src/demo.c:252:8: warning: variable 'x_data' set but not used [-Wunused-but-set-variable]
  float x_data=0.0; //0x0E(L)-0x0F(H)
        ^~~~~~
'Finished building: ../src/demo.c'
' '
'Building target: acl2_audio_v1.elf'
'Invoking: MicroBlaze gcc linker'
mb-gcc -Wl,-T -Wl,../src/lscript.ld -L../../acl2_audio_v1_bsp/microblaze_0/lib -mlittle-endian -mxl-pattern-compare -mno-xl-soft-div -mcpu=v11.0 -mno-xl-soft-mul -mhard-float -Wl,--no-relax -Wl,--gc-sections -o "acl2_audio_v1.elf"  ./src/userio/userio.o  ./src/intc/intc.o  ./src/iic/iic.o  ./src/dma/dma.o  ./src/audio/audio.o  ./src/demo.o ./src/platform.o   -Wl,--start-group,-lxil,-lgcc,-lc,--end-group
'Finished building target: acl2_audio_v1.elf'
' '
'Invoking: MicroBlaze Print Size'
mb-size acl2_audio_v1.elf  |tee "acl2_audio_v1.elf.size"
   text	   data	    bss	    dec	    hex	filename
 293956	   1744	   5540	 301240	  498b8	acl2_audio_v1.elf
'Finished building: acl2_audio_v1.elf.size'
' '
16:53:56 **** Incremental Build of configuration Debug for project acl2_audio_v1 ****
make all 
make: Nothing to be done for 'all'.
16:57:17 **** Incremental Build of configuration Debug for project acl2_audio_v1 ****
make all 
'Building file: ../src/demo.c'
'Invoking: MicroBlaze gcc compiler'
mb-gcc -Wall -O0 -g3 -c -fmessage-length=0 -MT"src/demo.o" -I../../acl2_audio_v1_bsp/microblaze_0/include -mlittle-endian -mxl-pattern-compare -mno-xl-soft-div -mcpu=v11.0 -mno-xl-soft-mul -mhard-float -Wl,--no-relax -ffunction-sections -fdata-sections -MMD -MP -MF"src/demo.d" -MT"src/demo.o" -o "src/demo.o" "../src/demo.c"
../src/demo.c: In function 'main':
../src/demo.c:262:5: warning: unused variable 'value' [-Wunused-variable]
  u8 value = 0;
     ^~~~~
../src/demo.c:261:5: warning: unused variable 'statuReg' [-Wunused-variable]
  u8 statuReg = 0x00;
     ^~~~~~~~
../src/demo.c:260:5: warning: unused variable 'acl2_status1' [-Wunused-variable]
  u8 acl2_status1 = 0;
     ^~~~~~~~~~~~
../src/demo.c:256:8: warning: unused variable 'avg_acceleration1' [-Wunused-variable]
  float avg_acceleration1 = 0.0;
        ^~~~~~~~~~~~~~~~~
../src/demo.c:255:8: warning: unused variable 'avg_acceleration0' [-Wunused-variable]
  float avg_acceleration0 = 0.0;
        ^~~~~~~~~~~~~~~~~
../src/demo.c:253:8: warning: variable 'y_data' set but not used [-Wunused-but-set-variable]
  float y_data=0.0; //0x10(L)-0x11(H)
        ^~~~~~
../src/demo.c:252:8: warning: variable 'x_data' set but not used [-Wunused-but-set-variable]
  float x_data=0.0; //0x0E(L)-0x0F(H)
        ^~~~~~
'Finished building: ../src/demo.c'
' '
'Building target: acl2_audio_v1.elf'
'Invoking: MicroBlaze gcc linker'
mb-gcc -Wl,-T -Wl,../src/lscript.ld -L../../acl2_audio_v1_bsp/microblaze_0/lib -mlittle-endian -mxl-pattern-compare -mno-xl-soft-div -mcpu=v11.0 -mno-xl-soft-mul -mhard-float -Wl,--no-relax -Wl,--gc-sections -o "acl2_audio_v1.elf"  ./src/userio/userio.o  ./src/intc/intc.o  ./src/iic/iic.o  ./src/dma/dma.o  ./src/audio/audio.o  ./src/demo.o ./src/platform.o   -Wl,--start-group,-lxil,-lgcc,-lc,--end-group
'Finished building target: acl2_audio_v1.elf'
' '
'Invoking: MicroBlaze Print Size'
mb-size acl2_audio_v1.elf  |tee "acl2_audio_v1.elf.size"
   text	   data	    bss	    dec	    hex	filename
 485952	   1744	   5536	 493232	  786b0	acl2_audio_v1.elf
'Finished building: acl2_audio_v1.elf.size'
' '
16:57:58 **** Auto Build of configuration Debug for project acl2_audio_v1 ****
make all 
'Building file: ../src/audio/audio.c'
'Invoking: MicroBlaze gcc compiler'
mb-gcc -Wall -O0 -g3 -c -fmessage-length=0 -MT"src/audio/audio.o" -I../../acl2_audio_v1_bsp/microblaze_0/include -mlittle-endian -mxl-pattern-compare -mno-xl-soft-div -mcpu=v11.0 -mno-xl-soft-mul -mhard-float -Wl,--no-relax -ffunction-sections -fdata-sections -MMD -MP -MF"src/audio/audio.d" -MT"src/audio/audio.o" -o "src/audio/audio.o" "../src/audio/audio.c"
'Finished building: ../src/audio/audio.c'
' '
'Building target: acl2_audio_v1.elf'
'Invoking: MicroBlaze gcc linker'
mb-gcc -Wl,-T -Wl,../src/lscript.ld -L../../acl2_audio_v1_bsp/microblaze_0/lib -mlittle-endian -mxl-pattern-compare -mno-xl-soft-div -mcpu=v11.0 -mno-xl-soft-mul -mhard-float -Wl,--no-relax -Wl,--gc-sections -o "acl2_audio_v1.elf"  ./src/userio/userio.o  ./src/intc/intc.o  ./src/iic/iic.o  ./src/dma/dma.o  ./src/audio/audio.o  ./src/demo.o ./src/platform.o   -Wl,--start-group,-lxil,-lgcc,-lc,--end-group
'Finished building target: acl2_audio_v1.elf'
' '
'Invoking: MicroBlaze Print Size'
mb-size acl2_audio_v1.elf  |tee "acl2_audio_v1.elf.size"
   text	   data	    bss	    dec	    hex	filename
 485952	   1744	   5536	 493232	  786b0	acl2_audio_v1.elf
'Finished building: acl2_audio_v1.elf.size'
' '
16:58:00 **** Incremental Build of configuration Debug for project acl2_audio_v1 ****
make all 
make: Nothing to be done for 'all'.
16:58:20 **** Auto Build of configuration Debug for project acl2_audio_v1 ****
make all 
'Building file: ../src/audio/audio.c'
'Invoking: MicroBlaze gcc compiler'
mb-gcc -Wall -O0 -g3 -c -fmessage-length=0 -MT"src/audio/audio.o" -I../../acl2_audio_v1_bsp/microblaze_0/include -mlittle-endian -mxl-pattern-compare -mno-xl-soft-div -mcpu=v11.0 -mno-xl-soft-mul -mhard-float -Wl,--no-relax -ffunction-sections -fdata-sections -MMD -MP -MF"src/audio/audio.d" -MT"src/audio/audio.o" -o "src/audio/audio.o" "../src/audio/audio.c"
'Finished building: ../src/audio/audio.c'
' '
'Building target: acl2_audio_v1.elf'
'Invoking: MicroBlaze gcc linker'
mb-gcc -Wl,-T -Wl,../src/lscript.ld -L../../acl2_audio_v1_bsp/microblaze_0/lib -mlittle-endian -mxl-pattern-compare -mno-xl-soft-div -mcpu=v11.0 -mno-xl-soft-mul -mhard-float -Wl,--no-relax -Wl,--gc-sections -o "acl2_audio_v1.elf"  ./src/userio/userio.o  ./src/intc/intc.o  ./src/iic/iic.o  ./src/dma/dma.o  ./src/audio/audio.o  ./src/demo.o ./src/platform.o   -Wl,--start-group,-lxil,-lgcc,-lc,--end-group
'Finished building target: acl2_audio_v1.elf'
' '
'Invoking: MicroBlaze Print Size'
mb-size acl2_audio_v1.elf  |tee "acl2_audio_v1.elf.size"
   text	   data	    bss	    dec	    hex	filename
 485952	   1744	   5536	 493232	  786b0	acl2_audio_v1.elf
'Finished building: acl2_audio_v1.elf.size'
' '
16:58:25 **** Incremental Build of configuration Debug for project acl2_audio_v1 ****
make all 
make: Nothing to be done for 'all'.
17:00:33 **** Auto Build of configuration Debug for project acl2_audio_v1 ****
make all 
'Building file: ../src/demo.c'
'Invoking: MicroBlaze gcc compiler'
mb-gcc -Wall -O0 -g3 -c -fmessage-length=0 -MT"src/demo.o" -I../../acl2_audio_v1_bsp/microblaze_0/include -mlittle-endian -mxl-pattern-compare -mno-xl-soft-div -mcpu=v11.0 -mno-xl-soft-mul -mhard-float -Wl,--no-relax -ffunction-sections -fdata-sections -MMD -MP -MF"src/demo.d" -MT"src/demo.o" -o "src/demo.o" "../src/demo.c"
../src/demo.c: In function 'main':
../src/demo.c:262:5: warning: unused variable 'value' [-Wunused-variable]
  u8 value = 0;
     ^~~~~
../src/demo.c:261:5: warning: unused variable 'statuReg' [-Wunused-variable]
  u8 statuReg = 0x00;
     ^~~~~~~~
../src/demo.c:260:5: warning: unused variable 'acl2_status1' [-Wunused-variable]
  u8 acl2_status1 = 0;
     ^~~~~~~~~~~~
../src/demo.c:256:8: warning: unused variable 'avg_acceleration1' [-Wunused-variable]
  float avg_acceleration1 = 0.0;
        ^~~~~~~~~~~~~~~~~
../src/demo.c:255:8: warning: unused variable 'avg_acceleration0' [-Wunused-variable]
  float avg_acceleration0 = 0.0;
        ^~~~~~~~~~~~~~~~~
../src/demo.c:253:8: warning: variable 'y_data' set but not used [-Wunused-but-set-variable]
  float y_data=0.0; //0x10(L)-0x11(H)
        ^~~~~~
../src/demo.c:252:8: warning: variable 'x_data' set but not used [-Wunused-but-set-variable]
  float x_data=0.0; //0x0E(L)-0x0F(H)
        ^~~~~~
'Finished building: ../src/demo.c'
' '
'Building target: acl2_audio_v1.elf'
'Invoking: MicroBlaze gcc linker'
mb-gcc -Wl,-T -Wl,../src/lscript.ld -L../../acl2_audio_v1_bsp/microblaze_0/lib -mlittle-endian -mxl-pattern-compare -mno-xl-soft-div -mcpu=v11.0 -mno-xl-soft-mul -mhard-float -Wl,--no-relax -Wl,--gc-sections -o "acl2_audio_v1.elf"  ./src/userio/userio.o  ./src/intc/intc.o  ./src/iic/iic.o  ./src/dma/dma.o  ./src/audio/audio.o  ./src/demo.o ./src/platform.o   -Wl,--start-group,-lxil,-lgcc,-lc,--end-group
'Finished building target: acl2_audio_v1.elf'
' '
'Invoking: MicroBlaze Print Size'
mb-size acl2_audio_v1.elf  |tee "acl2_audio_v1.elf.size"
   text	   data	    bss	    dec	    hex	filename
 485952	   1744	   5536	 493232	  786b0	acl2_audio_v1.elf
'Finished building: acl2_audio_v1.elf.size'
' '
17:00:43 **** Incremental Build of configuration Debug for project acl2_audio_v1 ****
make all 
make: Nothing to be done for 'all'.
17:02:38 **** Auto Build of configuration Debug for project acl2_audio_v1 ****
make all 
make: Nothing to be done for 'all'.
17:03:07 **** Auto Build of configuration Debug for project acl2_audio_v1 ****
make all 
'Building file: ../src/demo.c'
'Invoking: MicroBlaze gcc compiler'
mb-gcc -Wall -O0 -g3 -c -fmessage-length=0 -MT"src/demo.o" -I../../acl2_audio_v1_bsp/microblaze_0/include -mlittle-endian -mxl-pattern-compare -mno-xl-soft-div -mcpu=v11.0 -mno-xl-soft-mul -mhard-float -Wl,--no-relax -ffunction-sections -fdata-sections -MMD -MP -MF"src/demo.d" -MT"src/demo.o" -o "src/demo.o" "../src/demo.c"
../src/demo.c: In function 'load_wav_to_ddr':
../src/demo.c:212:32: error: 'pcm_audio_data' undeclared (first use in this function); did you mean 'audio_data'?
     for (int i = 0; i < sizeof(pcm_audio_data); i++) {
                                ^~~~~~~~~~~~~~
                                audio_data
../src/demo.c:212:32: note: each undeclared identifier is reported only once for each function it appears in
../src/demo.c: In function 'main':
../src/demo.c:262:5: warning: unused variable 'value' [-Wunused-variable]
  u8 value = 0;
     ^~~~~
../src/demo.c:261:5: warning: unused variable 'statuReg' [-Wunused-variable]
  u8 statuReg = 0x00;
     ^~~~~~~~
../src/demo.c:260:5: warning: unused variable 'acl2_status1' [-Wunused-variable]
  u8 acl2_status1 = 0;
     ^~~~~~~~~~~~
../src/demo.c:256:8: warning: unused variable 'avg_acceleration1' [-Wunused-variable]
  float avg_acceleration1 = 0.0;
        ^~~~~~~~~~~~~~~~~
../src/demo.c:255:8: warning: unused variable 'avg_acceleration0' [-Wunused-variable]
  float avg_acceleration0 = 0.0;
        ^~~~~~~~~~~~~~~~~
../src/demo.c:253:8: warning: variable 'y_data' set but not used [-Wunused-but-set-variable]
  float y_data=0.0; //0x10(L)-0x11(H)
        ^~~~~~
../src/demo.c:252:8: warning: variable 'x_data' set but not used [-Wunused-but-set-variable]
  float x_data=0.0; //0x0E(L)-0x0F(H)
        ^~~~~~
make: *** [src/subdir.mk:26: src/demo.o] Error 1
17:03:36 **** Auto Build of configuration Debug for project acl2_audio_v1 ****
make all 
'Building file: ../src/demo.c'
'Invoking: MicroBlaze gcc compiler'
mb-gcc -Wall -O0 -g3 -c -fmessage-length=0 -MT"src/demo.o" -I../../acl2_audio_v1_bsp/microblaze_0/include -mlittle-endian -mxl-pattern-compare -mno-xl-soft-div -mcpu=v11.0 -mno-xl-soft-mul -mhard-float -Wl,--no-relax -ffunction-sections -fdata-sections -MMD -MP -MF"src/demo.d" -MT"src/demo.o" -o "src/demo.o" "../src/demo.c"
../src/demo.c:121:10: fatal error: pcm_audio_data.h: No such file or directory
 #include "pcm_audio_data.h"
          ^~~~~~~~~~~~~~~~~~
compilation terminated.
make: *** [src/subdir.mk:26: src/demo.o] Error 1
17:03:57 **** Auto Build of configuration Debug for project acl2_audio_v1 ****
make all 
'Building file: ../src/demo.c'
'Invoking: MicroBlaze gcc compiler'
mb-gcc -Wall -O0 -g3 -c -fmessage-length=0 -MT"src/demo.o" -I../../acl2_audio_v1_bsp/microblaze_0/include -mlittle-endian -mxl-pattern-compare -mno-xl-soft-div -mcpu=v11.0 -mno-xl-soft-mul -mhard-float -Wl,--no-relax -ffunction-sections -fdata-sections -MMD -MP -MF"src/demo.d" -MT"src/demo.o" -o "src/demo.o" "../src/demo.c"
../src/demo.c: In function 'main':
../src/demo.c:263:5: warning: unused variable 'value' [-Wunused-variable]
  u8 value = 0;
     ^~~~~
../src/demo.c:262:5: warning: unused variable 'statuReg' [-Wunused-variable]
  u8 statuReg = 0x00;
     ^~~~~~~~
../src/demo.c:261:5: warning: unused variable 'acl2_status1' [-Wunused-variable]
  u8 acl2_status1 = 0;
     ^~~~~~~~~~~~
../src/demo.c:257:8: warning: unused variable 'avg_acceleration1' [-Wunused-variable]
  float avg_acceleration1 = 0.0;
        ^~~~~~~~~~~~~~~~~
../src/demo.c:256:8: warning: unused variable 'avg_acceleration0' [-Wunused-variable]
  float avg_acceleration0 = 0.0;
        ^~~~~~~~~~~~~~~~~
../src/demo.c:254:8: warning: variable 'y_data' set but not used [-Wunused-but-set-variable]
  float y_data=0.0; //0x10(L)-0x11(H)
        ^~~~~~
../src/demo.c:253:8: warning: variable 'x_data' set but not used [-Wunused-but-set-variable]
  float x_data=0.0; //0x0E(L)-0x0F(H)
        ^~~~~~
'Finished building: ../src/demo.c'
' '
'Building target: acl2_audio_v1.elf'
'Invoking: MicroBlaze gcc linker'
mb-gcc -Wl,-T -Wl,../src/lscript.ld -L../../acl2_audio_v1_bsp/microblaze_0/lib -mlittle-endian -mxl-pattern-compare -mno-xl-soft-div -mcpu=v11.0 -mno-xl-soft-mul -mhard-float -Wl,--no-relax -Wl,--gc-sections -o "acl2_audio_v1.elf"  ./src/userio/userio.o  ./src/intc/intc.o  ./src/iic/iic.o  ./src/dma/dma.o  ./src/audio/audio.o  ./src/demo.o ./src/platform.o   -Wl,--start-group,-lxil,-lgcc,-lc,--end-group
'Finished building target: acl2_audio_v1.elf'
' '
'Invoking: MicroBlaze Print Size'
mb-size acl2_audio_v1.elf  |tee "acl2_audio_v1.elf.size"
   text	   data	    bss	    dec	    hex	filename
 278356	   1744	   5540	 285640	  45bc8	acl2_audio_v1.elf
'Finished building: acl2_audio_v1.elf.size'
' '
17:04:10 **** Incremental Build of configuration Debug for project acl2_audio_v1 ****
make all 
make: Nothing to be done for 'all'.
17:05:19 **** Auto Build of configuration Debug for project acl2_audio_v1 ****
make all 
'Building file: ../src/audio/audio.c'
'Invoking: MicroBlaze gcc compiler'
mb-gcc -Wall -O0 -g3 -c -fmessage-length=0 -MT"src/audio/audio.o" -I../../acl2_audio_v1_bsp/microblaze_0/include -mlittle-endian -mxl-pattern-compare -mno-xl-soft-div -mcpu=v11.0 -mno-xl-soft-mul -mhard-float -Wl,--no-relax -ffunction-sections -fdata-sections -MMD -MP -MF"src/audio/audio.d" -MT"src/audio/audio.o" -o "src/audio/audio.o" "../src/audio/audio.c"
'Finished building: ../src/audio/audio.c'
' '
'Building target: acl2_audio_v1.elf'
'Invoking: MicroBlaze gcc linker'
mb-gcc -Wl,-T -Wl,../src/lscript.ld -L../../acl2_audio_v1_bsp/microblaze_0/lib -mlittle-endian -mxl-pattern-compare -mno-xl-soft-div -mcpu=v11.0 -mno-xl-soft-mul -mhard-float -Wl,--no-relax -Wl,--gc-sections -o "acl2_audio_v1.elf"  ./src/userio/userio.o  ./src/intc/intc.o  ./src/iic/iic.o  ./src/dma/dma.o  ./src/audio/audio.o  ./src/demo.o ./src/platform.o   -Wl,--start-group,-lxil,-lgcc,-lc,--end-group
'Finished building target: acl2_audio_v1.elf'
' '
'Invoking: MicroBlaze Print Size'
mb-size acl2_audio_v1.elf  |tee "acl2_audio_v1.elf.size"
   text	   data	    bss	    dec	    hex	filename
 278356	   1744	   5540	 285640	  45bc8	acl2_audio_v1.elf
'Finished building: acl2_audio_v1.elf.size'
' '
17:05:22 **** Incremental Build of configuration Debug for project acl2_audio_v1 ****
make all 
make: Nothing to be done for 'all'.
17:05:42 **** Auto Build of configuration Debug for project acl2_audio_v1 ****
make all 
'Building file: ../src/audio/audio.c'
'Invoking: MicroBlaze gcc compiler'
mb-gcc -Wall -O0 -g3 -c -fmessage-length=0 -MT"src/audio/audio.o" -I../../acl2_audio_v1_bsp/microblaze_0/include -mlittle-endian -mxl-pattern-compare -mno-xl-soft-div -mcpu=v11.0 -mno-xl-soft-mul -mhard-float -Wl,--no-relax -ffunction-sections -fdata-sections -MMD -MP -MF"src/audio/audio.d" -MT"src/audio/audio.o" -o "src/audio/audio.o" "../src/audio/audio.c"
'Finished building: ../src/audio/audio.c'
' '
'Building target: acl2_audio_v1.elf'
'Invoking: MicroBlaze gcc linker'
mb-gcc -Wl,-T -Wl,../src/lscript.ld -L../../acl2_audio_v1_bsp/microblaze_0/lib -mlittle-endian -mxl-pattern-compare -mno-xl-soft-div -mcpu=v11.0 -mno-xl-soft-mul -mhard-float -Wl,--no-relax -Wl,--gc-sections -o "acl2_audio_v1.elf"  ./src/userio/userio.o  ./src/intc/intc.o  ./src/iic/iic.o  ./src/dma/dma.o  ./src/audio/audio.o  ./src/demo.o ./src/platform.o   -Wl,--start-group,-lxil,-lgcc,-lc,--end-group
'Finished building target: acl2_audio_v1.elf'
' '
'Invoking: MicroBlaze Print Size'
mb-size acl2_audio_v1.elf  |tee "acl2_audio_v1.elf.size"
   text	   data	    bss	    dec	    hex	filename
 278356	   1744	   5540	 285640	  45bc8	acl2_audio_v1.elf
'Finished building: acl2_audio_v1.elf.size'
' '
17:05:44 **** Incremental Build of configuration Debug for project acl2_audio_v1 ****
make all 
make: Nothing to be done for 'all'.
17:06:04 **** Auto Build of configuration Debug for project acl2_audio_v1 ****
make all 
'Building file: ../src/audio/audio.c'
'Invoking: MicroBlaze gcc compiler'
mb-gcc -Wall -O0 -g3 -c -fmessage-length=0 -MT"src/audio/audio.o" -I../../acl2_audio_v1_bsp/microblaze_0/include -mlittle-endian -mxl-pattern-compare -mno-xl-soft-div -mcpu=v11.0 -mno-xl-soft-mul -mhard-float -Wl,--no-relax -ffunction-sections -fdata-sections -MMD -MP -MF"src/audio/audio.d" -MT"src/audio/audio.o" -o "src/audio/audio.o" "../src/audio/audio.c"
'Finished building: ../src/audio/audio.c'
' '
'Building target: acl2_audio_v1.elf'
'Invoking: MicroBlaze gcc linker'
mb-gcc -Wl,-T -Wl,../src/lscript.ld -L../../acl2_audio_v1_bsp/microblaze_0/lib -mlittle-endian -mxl-pattern-compare -mno-xl-soft-div -mcpu=v11.0 -mno-xl-soft-mul -mhard-float -Wl,--no-relax -Wl,--gc-sections -o "acl2_audio_v1.elf"  ./src/userio/userio.o  ./src/intc/intc.o  ./src/iic/iic.o  ./src/dma/dma.o  ./src/audio/audio.o  ./src/demo.o ./src/platform.o   -Wl,--start-group,-lxil,-lgcc,-lc,--end-group
'Finished building target: acl2_audio_v1.elf'
' '
'Invoking: MicroBlaze Print Size'
mb-size acl2_audio_v1.elf  |tee "acl2_audio_v1.elf.size"
   text	   data	    bss	    dec	    hex	filename
 278356	   1744	   5540	 285640	  45bc8	acl2_audio_v1.elf
'Finished building: acl2_audio_v1.elf.size'
' '
17:06:06 **** Incremental Build of configuration Debug for project acl2_audio_v1 ****
make all 
make: Nothing to be done for 'all'.
17:06:45 **** Auto Build of configuration Debug for project acl2_audio_v1 ****
make all 
'Building file: ../src/audio/audio.c'
'Invoking: MicroBlaze gcc compiler'
mb-gcc -Wall -O0 -g3 -c -fmessage-length=0 -MT"src/audio/audio.o" -I../../acl2_audio_v1_bsp/microblaze_0/include -mlittle-endian -mxl-pattern-compare -mno-xl-soft-div -mcpu=v11.0 -mno-xl-soft-mul -mhard-float -Wl,--no-relax -ffunction-sections -fdata-sections -MMD -MP -MF"src/audio/audio.d" -MT"src/audio/audio.o" -o "src/audio/audio.o" "../src/audio/audio.c"
'Finished building: ../src/audio/audio.c'
' '
'Building target: acl2_audio_v1.elf'
'Invoking: MicroBlaze gcc linker'
mb-gcc -Wl,-T -Wl,../src/lscript.ld -L../../acl2_audio_v1_bsp/microblaze_0/lib -mlittle-endian -mxl-pattern-compare -mno-xl-soft-div -mcpu=v11.0 -mno-xl-soft-mul -mhard-float -Wl,--no-relax -Wl,--gc-sections -o "acl2_audio_v1.elf"  ./src/userio/userio.o  ./src/intc/intc.o  ./src/iic/iic.o  ./src/dma/dma.o  ./src/audio/audio.o  ./src/demo.o ./src/platform.o   -Wl,--start-group,-lxil,-lgcc,-lc,--end-group
'Finished building target: acl2_audio_v1.elf'
' '
'Invoking: MicroBlaze Print Size'
mb-size acl2_audio_v1.elf  |tee "acl2_audio_v1.elf.size"
   text	   data	    bss	    dec	    hex	filename
 278356	   1744	   5540	 285640	  45bc8	acl2_audio_v1.elf
'Finished building: acl2_audio_v1.elf.size'
' '
17:06:48 **** Incremental Build of configuration Debug for project acl2_audio_v1 ****
make all 
make: Nothing to be done for 'all'.
17:07:09 **** Auto Build of configuration Debug for project acl2_audio_v1 ****
make all 
'Building file: ../src/audio/audio.c'
'Invoking: MicroBlaze gcc compiler'
mb-gcc -Wall -O0 -g3 -c -fmessage-length=0 -MT"src/audio/audio.o" -I../../acl2_audio_v1_bsp/microblaze_0/include -mlittle-endian -mxl-pattern-compare -mno-xl-soft-div -mcpu=v11.0 -mno-xl-soft-mul -mhard-float -Wl,--no-relax -ffunction-sections -fdata-sections -MMD -MP -MF"src/audio/audio.d" -MT"src/audio/audio.o" -o "src/audio/audio.o" "../src/audio/audio.c"
'Finished building: ../src/audio/audio.c'
' '
'Building target: acl2_audio_v1.elf'
'Invoking: MicroBlaze gcc linker'
mb-gcc -Wl,-T -Wl,../src/lscript.ld -L../../acl2_audio_v1_bsp/microblaze_0/lib -mlittle-endian -mxl-pattern-compare -mno-xl-soft-div -mcpu=v11.0 -mno-xl-soft-mul -mhard-float -Wl,--no-relax -Wl,--gc-sections -o "acl2_audio_v1.elf"  ./src/userio/userio.o  ./src/intc/intc.o  ./src/iic/iic.o  ./src/dma/dma.o  ./src/audio/audio.o  ./src/demo.o ./src/platform.o   -Wl,--start-group,-lxil,-lgcc,-lc,--end-group
'Finished building target: acl2_audio_v1.elf'
' '
'Invoking: MicroBlaze Print Size'
mb-size acl2_audio_v1.elf  |tee "acl2_audio_v1.elf.size"
   text	   data	    bss	    dec	    hex	filename
 278356	   1744	   5540	 285640	  45bc8	acl2_audio_v1.elf
'Finished building: acl2_audio_v1.elf.size'
' '
17:07:11 **** Incremental Build of configuration Debug for project acl2_audio_v1 ****
make all 
make: Nothing to be done for 'all'.
17:07:29 **** Auto Build of configuration Debug for project acl2_audio_v1 ****
make all 
'Building file: ../src/audio/audio.c'
'Invoking: MicroBlaze gcc compiler'
mb-gcc -Wall -O0 -g3 -c -fmessage-length=0 -MT"src/audio/audio.o" -I../../acl2_audio_v1_bsp/microblaze_0/include -mlittle-endian -mxl-pattern-compare -mno-xl-soft-div -mcpu=v11.0 -mno-xl-soft-mul -mhard-float -Wl,--no-relax -ffunction-sections -fdata-sections -MMD -MP -MF"src/audio/audio.d" -MT"src/audio/audio.o" -o "src/audio/audio.o" "../src/audio/audio.c"
'Finished building: ../src/audio/audio.c'
' '
'Building target: acl2_audio_v1.elf'
'Invoking: MicroBlaze gcc linker'
mb-gcc -Wl,-T -Wl,../src/lscript.ld -L../../acl2_audio_v1_bsp/microblaze_0/lib -mlittle-endian -mxl-pattern-compare -mno-xl-soft-div -mcpu=v11.0 -mno-xl-soft-mul -mhard-float -Wl,--no-relax -Wl,--gc-sections -o "acl2_audio_v1.elf"  ./src/userio/userio.o  ./src/intc/intc.o  ./src/iic/iic.o  ./src/dma/dma.o  ./src/audio/audio.o  ./src/demo.o ./src/platform.o   -Wl,--start-group,-lxil,-lgcc,-lc,--end-group
'Finished building target: acl2_audio_v1.elf'
' '
'Invoking: MicroBlaze Print Size'
mb-size acl2_audio_v1.elf  |tee "acl2_audio_v1.elf.size"
   text	   data	    bss	    dec	    hex	filename
 278356	   1744	   5540	 285640	  45bc8	acl2_audio_v1.elf
'Finished building: acl2_audio_v1.elf.size'
' '
17:07:31 **** Incremental Build of configuration Debug for project acl2_audio_v1 ****
make all 
make: Nothing to be done for 'all'.
17:10:04 **** Auto Build of configuration Debug for project acl2_audio_v1 ****
make all 
'Building file: ../src/audio/audio.c'
'Invoking: MicroBlaze gcc compiler'
mb-gcc -Wall -O0 -g3 -c -fmessage-length=0 -MT"src/audio/audio.o" -I../../acl2_audio_v1_bsp/microblaze_0/include -mlittle-endian -mxl-pattern-compare -mno-xl-soft-div -mcpu=v11.0 -mno-xl-soft-mul -mhard-float -Wl,--no-relax -ffunction-sections -fdata-sections -MMD -MP -MF"src/audio/audio.d" -MT"src/audio/audio.o" -o "src/audio/audio.o" "../src/audio/audio.c"
'Finished building: ../src/audio/audio.c'
' '
'Building target: acl2_audio_v1.elf'
'Invoking: MicroBlaze gcc linker'
mb-gcc -Wl,-T -Wl,../src/lscript.ld -L../../acl2_audio_v1_bsp/microblaze_0/lib -mlittle-endian -mxl-pattern-compare -mno-xl-soft-div -mcpu=v11.0 -mno-xl-soft-mul -mhard-float -Wl,--no-relax -Wl,--gc-sections -o "acl2_audio_v1.elf"  ./src/userio/userio.o  ./src/intc/intc.o  ./src/iic/iic.o  ./src/dma/dma.o  ./src/audio/audio.o  ./src/demo.o ./src/platform.o   -Wl,--start-group,-lxil,-lgcc,-lc,--end-group
'Finished building target: acl2_audio_v1.elf'
' '
'Invoking: MicroBlaze Print Size'
mb-size acl2_audio_v1.elf  |tee "acl2_audio_v1.elf.size"
   text	   data	    bss	    dec	    hex	filename
 278356	   1744	   5540	 285640	  45bc8	acl2_audio_v1.elf
'Finished building: acl2_audio_v1.elf.size'
' '
17:10:06 **** Incremental Build of configuration Debug for project acl2_audio_v1 ****
make all 
make: Nothing to be done for 'all'.
17:12:59 **** Auto Build of configuration Debug for project acl2_audio_v1 ****
make all 
'Building file: ../src/audio/audio.c'
'Invoking: MicroBlaze gcc compiler'
mb-gcc -Wall -O0 -g3 -c -fmessage-length=0 -MT"src/audio/audio.o" -I../../acl2_audio_v1_bsp/microblaze_0/include -mlittle-endian -mxl-pattern-compare -mno-xl-soft-div -mcpu=v11.0 -mno-xl-soft-mul -mhard-float -Wl,--no-relax -ffunction-sections -fdata-sections -MMD -MP -MF"src/audio/audio.d" -MT"src/audio/audio.o" -o "src/audio/audio.o" "../src/audio/audio.c"
'Finished building: ../src/audio/audio.c'
' '
'Building target: acl2_audio_v1.elf'
'Invoking: MicroBlaze gcc linker'
mb-gcc -Wl,-T -Wl,../src/lscript.ld -L../../acl2_audio_v1_bsp/microblaze_0/lib -mlittle-endian -mxl-pattern-compare -mno-xl-soft-div -mcpu=v11.0 -mno-xl-soft-mul -mhard-float -Wl,--no-relax -Wl,--gc-sections -o "acl2_audio_v1.elf"  ./src/userio/userio.o  ./src/intc/intc.o  ./src/iic/iic.o  ./src/dma/dma.o  ./src/audio/audio.o  ./src/demo.o ./src/platform.o   -Wl,--start-group,-lxil,-lgcc,-lc,--end-group
'Finished building target: acl2_audio_v1.elf'
' '
'Invoking: MicroBlaze Print Size'
mb-size acl2_audio_v1.elf  |tee "acl2_audio_v1.elf.size"
   text	   data	    bss	    dec	    hex	filename
 278356	   1744	   5540	 285640	  45bc8	acl2_audio_v1.elf
'Finished building: acl2_audio_v1.elf.size'
' '
17:13:01 **** Incremental Build of configuration Debug for project acl2_audio_v1 ****
make all 
make: Nothing to be done for 'all'.
17:13:45 **** Auto Build of configuration Debug for project acl2_audio_v1 ****
make all 
'Building file: ../src/audio/audio.c'
'Invoking: MicroBlaze gcc compiler'
mb-gcc -Wall -O0 -g3 -c -fmessage-length=0 -MT"src/audio/audio.o" -I../../acl2_audio_v1_bsp/microblaze_0/include -mlittle-endian -mxl-pattern-compare -mno-xl-soft-div -mcpu=v11.0 -mno-xl-soft-mul -mhard-float -Wl,--no-relax -ffunction-sections -fdata-sections -MMD -MP -MF"src/audio/audio.d" -MT"src/audio/audio.o" -o "src/audio/audio.o" "../src/audio/audio.c"
'Finished building: ../src/audio/audio.c'
' '
'Building target: acl2_audio_v1.elf'
'Invoking: MicroBlaze gcc linker'
mb-gcc -Wl,-T -Wl,../src/lscript.ld -L../../acl2_audio_v1_bsp/microblaze_0/lib -mlittle-endian -mxl-pattern-compare -mno-xl-soft-div -mcpu=v11.0 -mno-xl-soft-mul -mhard-float -Wl,--no-relax -Wl,--gc-sections -o "acl2_audio_v1.elf"  ./src/userio/userio.o  ./src/intc/intc.o  ./src/iic/iic.o  ./src/dma/dma.o  ./src/audio/audio.o  ./src/demo.o ./src/platform.o   -Wl,--start-group,-lxil,-lgcc,-lc,--end-group
'Finished building target: acl2_audio_v1.elf'
' '
'Invoking: MicroBlaze Print Size'
mb-size acl2_audio_v1.elf  |tee "acl2_audio_v1.elf.size"
   text	   data	    bss	    dec	    hex	filename
 278356	   1744	   5540	 285640	  45bc8	acl2_audio_v1.elf
'Finished building: acl2_audio_v1.elf.size'
' '
17:13:51 **** Auto Build of configuration Debug for project acl2_audio_v1 ****
make all 
'Building file: ../src/audio/audio.c'
'Invoking: MicroBlaze gcc compiler'
mb-gcc -Wall -O0 -g3 -c -fmessage-length=0 -MT"src/audio/audio.o" -I../../acl2_audio_v1_bsp/microblaze_0/include -mlittle-endian -mxl-pattern-compare -mno-xl-soft-div -mcpu=v11.0 -mno-xl-soft-mul -mhard-float -Wl,--no-relax -ffunction-sections -fdata-sections -MMD -MP -MF"src/audio/audio.d" -MT"src/audio/audio.o" -o "src/audio/audio.o" "../src/audio/audio.c"
'Finished building: ../src/audio/audio.c'
' '
'Building target: acl2_audio_v1.elf'
'Invoking: MicroBlaze gcc linker'
mb-gcc -Wl,-T -Wl,../src/lscript.ld -L../../acl2_audio_v1_bsp/microblaze_0/lib -mlittle-endian -mxl-pattern-compare -mno-xl-soft-div -mcpu=v11.0 -mno-xl-soft-mul -mhard-float -Wl,--no-relax -Wl,--gc-sections -o "acl2_audio_v1.elf"  ./src/userio/userio.o  ./src/intc/intc.o  ./src/iic/iic.o  ./src/dma/dma.o  ./src/audio/audio.o  ./src/demo.o ./src/platform.o   -Wl,--start-group,-lxil,-lgcc,-lc,--end-group
'Finished building target: acl2_audio_v1.elf'
' '
'Invoking: MicroBlaze Print Size'
mb-size acl2_audio_v1.elf  |tee "acl2_audio_v1.elf.size"
   text	   data	    bss	    dec	    hex	filename
 278356	   1744	   5540	 285640	  45bc8	acl2_audio_v1.elf
'Finished building: acl2_audio_v1.elf.size'
' '
17:13:53 **** Incremental Build of configuration Debug for project acl2_audio_v1 ****
make all 
make: Nothing to be done for 'all'.
17:14:14 **** Auto Build of configuration Debug for project acl2_audio_v1 ****
make all 
'Building file: ../src/audio/audio.c'
'Invoking: MicroBlaze gcc compiler'
mb-gcc -Wall -O0 -g3 -c -fmessage-length=0 -MT"src/audio/audio.o" -I../../acl2_audio_v1_bsp/microblaze_0/include -mlittle-endian -mxl-pattern-compare -mno-xl-soft-div -mcpu=v11.0 -mno-xl-soft-mul -mhard-float -Wl,--no-relax -ffunction-sections -fdata-sections -MMD -MP -MF"src/audio/audio.d" -MT"src/audio/audio.o" -o "src/audio/audio.o" "../src/audio/audio.c"
'Finished building: ../src/audio/audio.c'
' '
'Building target: acl2_audio_v1.elf'
'Invoking: MicroBlaze gcc linker'
mb-gcc -Wl,-T -Wl,../src/lscript.ld -L../../acl2_audio_v1_bsp/microblaze_0/lib -mlittle-endian -mxl-pattern-compare -mno-xl-soft-div -mcpu=v11.0 -mno-xl-soft-mul -mhard-float -Wl,--no-relax -Wl,--gc-sections -o "acl2_audio_v1.elf"  ./src/userio/userio.o  ./src/intc/intc.o  ./src/iic/iic.o  ./src/dma/dma.o  ./src/audio/audio.o  ./src/demo.o ./src/platform.o   -Wl,--start-group,-lxil,-lgcc,-lc,--end-group
'Finished building target: acl2_audio_v1.elf'
' '
'Invoking: MicroBlaze Print Size'
mb-size acl2_audio_v1.elf  |tee "acl2_audio_v1.elf.size"
   text	   data	    bss	    dec	    hex	filename
 278356	   1744	   5540	 285640	  45bc8	acl2_audio_v1.elf
'Finished building: acl2_audio_v1.elf.size'
' '
17:14:15 **** Incremental Build of configuration Debug for project acl2_audio_v1 ****
make all 
make: Nothing to be done for 'all'.
17:14:32 **** Auto Build of configuration Debug for project acl2_audio_v1 ****
make all 
'Building file: ../src/audio/audio.c'
'Invoking: MicroBlaze gcc compiler'
mb-gcc -Wall -O0 -g3 -c -fmessage-length=0 -MT"src/audio/audio.o" -I../../acl2_audio_v1_bsp/microblaze_0/include -mlittle-endian -mxl-pattern-compare -mno-xl-soft-div -mcpu=v11.0 -mno-xl-soft-mul -mhard-float -Wl,--no-relax -ffunction-sections -fdata-sections -MMD -MP -MF"src/audio/audio.d" -MT"src/audio/audio.o" -o "src/audio/audio.o" "../src/audio/audio.c"
'Finished building: ../src/audio/audio.c'
' '
'Building target: acl2_audio_v1.elf'
'Invoking: MicroBlaze gcc linker'
mb-gcc -Wl,-T -Wl,../src/lscript.ld -L../../acl2_audio_v1_bsp/microblaze_0/lib -mlittle-endian -mxl-pattern-compare -mno-xl-soft-div -mcpu=v11.0 -mno-xl-soft-mul -mhard-float -Wl,--no-relax -Wl,--gc-sections -o "acl2_audio_v1.elf"  ./src/userio/userio.o  ./src/intc/intc.o  ./src/iic/iic.o  ./src/dma/dma.o  ./src/audio/audio.o  ./src/demo.o ./src/platform.o   -Wl,--start-group,-lxil,-lgcc,-lc,--end-group
'Finished building target: acl2_audio_v1.elf'
' '
'Invoking: MicroBlaze Print Size'
mb-size acl2_audio_v1.elf  |tee "acl2_audio_v1.elf.size"
   text	   data	    bss	    dec	    hex	filename
 278356	   1744	   5540	 285640	  45bc8	acl2_audio_v1.elf
'Finished building: acl2_audio_v1.elf.size'
' '
17:14:34 **** Incremental Build of configuration Debug for project acl2_audio_v1 ****
make all 
make: Nothing to be done for 'all'.
17:14:47 **** Incremental Build of configuration Debug for project acl2_audio_v1 ****
make all 
make: Nothing to be done for 'all'.
17:15:00 **** Auto Build of configuration Debug for project acl2_audio_v1 ****
make all 
'Building file: ../src/audio/audio.c'
'Invoking: MicroBlaze gcc compiler'
mb-gcc -Wall -O0 -g3 -c -fmessage-length=0 -MT"src/audio/audio.o" -I../../acl2_audio_v1_bsp/microblaze_0/include -mlittle-endian -mxl-pattern-compare -mno-xl-soft-div -mcpu=v11.0 -mno-xl-soft-mul -mhard-float -Wl,--no-relax -ffunction-sections -fdata-sections -MMD -MP -MF"src/audio/audio.d" -MT"src/audio/audio.o" -o "src/audio/audio.o" "../src/audio/audio.c"
'Finished building: ../src/audio/audio.c'
' '
'Building target: acl2_audio_v1.elf'
'Invoking: MicroBlaze gcc linker'
mb-gcc -Wl,-T -Wl,../src/lscript.ld -L../../acl2_audio_v1_bsp/microblaze_0/lib -mlittle-endian -mxl-pattern-compare -mno-xl-soft-div -mcpu=v11.0 -mno-xl-soft-mul -mhard-float -Wl,--no-relax -Wl,--gc-sections -o "acl2_audio_v1.elf"  ./src/userio/userio.o  ./src/intc/intc.o  ./src/iic/iic.o  ./src/dma/dma.o  ./src/audio/audio.o  ./src/demo.o ./src/platform.o   -Wl,--start-group,-lxil,-lgcc,-lc,--end-group
'Finished building target: acl2_audio_v1.elf'
' '
'Invoking: MicroBlaze Print Size'
mb-size acl2_audio_v1.elf  |tee "acl2_audio_v1.elf.size"
   text	   data	    bss	    dec	    hex	filename
 278356	   1744	   5540	 285640	  45bc8	acl2_audio_v1.elf
'Finished building: acl2_audio_v1.elf.size'
' '
17:16:58 **** Auto Build of configuration Debug for project acl2_audio_v1 ****
make all 
'Building file: ../src/audio/audio.c'
'Invoking: MicroBlaze gcc compiler'
mb-gcc -Wall -O0 -g3 -c -fmessage-length=0 -MT"src/audio/audio.o" -I../../acl2_audio_v1_bsp/microblaze_0/include -mlittle-endian -mxl-pattern-compare -mno-xl-soft-div -mcpu=v11.0 -mno-xl-soft-mul -mhard-float -Wl,--no-relax -ffunction-sections -fdata-sections -MMD -MP -MF"src/audio/audio.d" -MT"src/audio/audio.o" -o "src/audio/audio.o" "../src/audio/audio.c"
'Finished building: ../src/audio/audio.c'
' '
'Building target: acl2_audio_v1.elf'
'Invoking: MicroBlaze gcc linker'
mb-gcc -Wl,-T -Wl,../src/lscript.ld -L../../acl2_audio_v1_bsp/microblaze_0/lib -mlittle-endian -mxl-pattern-compare -mno-xl-soft-div -mcpu=v11.0 -mno-xl-soft-mul -mhard-float -Wl,--no-relax -Wl,--gc-sections -o "acl2_audio_v1.elf"  ./src/userio/userio.o  ./src/intc/intc.o  ./src/iic/iic.o  ./src/dma/dma.o  ./src/audio/audio.o  ./src/demo.o ./src/platform.o   -Wl,--start-group,-lxil,-lgcc,-lc,--end-group
'Finished building target: acl2_audio_v1.elf'
' '
'Invoking: MicroBlaze Print Size'
mb-size acl2_audio_v1.elf  |tee "acl2_audio_v1.elf.size"
   text	   data	    bss	    dec	    hex	filename
 278356	   1744	   5540	 285640	  45bc8	acl2_audio_v1.elf
'Finished building: acl2_audio_v1.elf.size'
' '
17:17:01 **** Incremental Build of configuration Debug for project acl2_audio_v1 ****
make all 
make: Nothing to be done for 'all'.
17:18:48 **** Auto Build of configuration Debug for project acl2_audio_v1 ****
make all 
'Building file: ../src/demo.c'
'Invoking: MicroBlaze gcc compiler'
mb-gcc -Wall -O0 -g3 -c -fmessage-length=0 -MT"src/demo.o" -I../../acl2_audio_v1_bsp/microblaze_0/include -mlittle-endian -mxl-pattern-compare -mno-xl-soft-div -mcpu=v11.0 -mno-xl-soft-mul -mhard-float -Wl,--no-relax -ffunction-sections -fdata-sections -MMD -MP -MF"src/demo.d" -MT"src/demo.o" -o "src/demo.o" "../src/demo.c"
../src/demo.c: In function 'main':
../src/demo.c:263:5: warning: unused variable 'value' [-Wunused-variable]
  u8 value = 0;
     ^~~~~
../src/demo.c:262:5: warning: unused variable 'statuReg' [-Wunused-variable]
  u8 statuReg = 0x00;
     ^~~~~~~~
../src/demo.c:261:5: warning: unused variable 'acl2_status1' [-Wunused-variable]
  u8 acl2_status1 = 0;
     ^~~~~~~~~~~~
../src/demo.c:257:8: warning: unused variable 'avg_acceleration1' [-Wunused-variable]
  float avg_acceleration1 = 0.0;
        ^~~~~~~~~~~~~~~~~
../src/demo.c:256:8: warning: unused variable 'avg_acceleration0' [-Wunused-variable]
  float avg_acceleration0 = 0.0;
        ^~~~~~~~~~~~~~~~~
../src/demo.c:254:8: warning: variable 'y_data' set but not used [-Wunused-but-set-variable]
  float y_data=0.0; //0x10(L)-0x11(H)
        ^~~~~~
../src/demo.c:253:8: warning: variable 'x_data' set but not used [-Wunused-but-set-variable]
  float x_data=0.0; //0x0E(L)-0x0F(H)
        ^~~~~~
'Finished building: ../src/demo.c'
' '
'Building target: acl2_audio_v1.elf'
'Invoking: MicroBlaze gcc linker'
mb-gcc -Wl,-T -Wl,../src/lscript.ld -L../../acl2_audio_v1_bsp/microblaze_0/lib -mlittle-endian -mxl-pattern-compare -mno-xl-soft-div -mcpu=v11.0 -mno-xl-soft-mul -mhard-float -Wl,--no-relax -Wl,--gc-sections -o "acl2_audio_v1.elf"  ./src/userio/userio.o  ./src/intc/intc.o  ./src/iic/iic.o  ./src/dma/dma.o  ./src/audio/audio.o  ./src/demo.o ./src/platform.o   -Wl,--start-group,-lxil,-lgcc,-lc,--end-group
'Finished building target: acl2_audio_v1.elf'
' '
'Invoking: MicroBlaze Print Size'
mb-size acl2_audio_v1.elf  |tee "acl2_audio_v1.elf.size"
   text	   data	    bss	    dec	    hex	filename
 278356	   1744	   5540	 285640	  45bc8	acl2_audio_v1.elf
'Finished building: acl2_audio_v1.elf.size'
' '
17:20:10 **** Auto Build of configuration Debug for project acl2_audio_v1 ****
make all 
'Building file: ../src/demo.c'
'Invoking: MicroBlaze gcc compiler'
mb-gcc -Wall -O0 -g3 -c -fmessage-length=0 -MT"src/demo.o" -I../../acl2_audio_v1_bsp/microblaze_0/include -mlittle-endian -mxl-pattern-compare -mno-xl-soft-div -mcpu=v11.0 -mno-xl-soft-mul -mhard-float -Wl,--no-relax -ffunction-sections -fdata-sections -MMD -MP -MF"src/demo.d" -MT"src/demo.o" -o "src/demo.o" "../src/demo.c"
../src/demo.c: In function 'main':
../src/demo.c:263:5: warning: unused variable 'value' [-Wunused-variable]
  u8 value = 0;
     ^~~~~
../src/demo.c:262:5: warning: unused variable 'statuReg' [-Wunused-variable]
  u8 statuReg = 0x00;
     ^~~~~~~~
../src/demo.c:261:5: warning: unused variable 'acl2_status1' [-Wunused-variable]
  u8 acl2_status1 = 0;
     ^~~~~~~~~~~~
../src/demo.c:257:8: warning: unused variable 'avg_acceleration1' [-Wunused-variable]
  float avg_acceleration1 = 0.0;
        ^~~~~~~~~~~~~~~~~
../src/demo.c:256:8: warning: unused variable 'avg_acceleration0' [-Wunused-variable]
  float avg_acceleration0 = 0.0;
        ^~~~~~~~~~~~~~~~~
../src/demo.c:254:8: warning: variable 'y_data' set but not used [-Wunused-but-set-variable]
  float y_data=0.0; //0x10(L)-0x11(H)
        ^~~~~~
../src/demo.c:253:8: warning: variable 'x_data' set but not used [-Wunused-but-set-variable]
  float x_data=0.0; //0x0E(L)-0x0F(H)
        ^~~~~~
'Finished building: ../src/demo.c'
' '
'Building target: acl2_audio_v1.elf'
'Invoking: MicroBlaze gcc linker'
mb-gcc -Wl,-T -Wl,../src/lscript.ld -L../../acl2_audio_v1_bsp/microblaze_0/lib -mlittle-endian -mxl-pattern-compare -mno-xl-soft-div -mcpu=v11.0 -mno-xl-soft-mul -mhard-float -Wl,--no-relax -Wl,--gc-sections -o "acl2_audio_v1.elf"  ./src/userio/userio.o  ./src/intc/intc.o  ./src/iic/iic.o  ./src/dma/dma.o  ./src/audio/audio.o  ./src/demo.o ./src/platform.o   -Wl,--start-group,-lxil,-lgcc,-lc,--end-group
'Finished building target: acl2_audio_v1.elf'
' '
'Invoking: MicroBlaze Print Size'
mb-size acl2_audio_v1.elf  |tee "acl2_audio_v1.elf.size"
   text	   data	    bss	    dec	    hex	filename
 278356	   1744	   5540	 285640	  45bc8	acl2_audio_v1.elf
'Finished building: acl2_audio_v1.elf.size'
' '
17:22:33 **** Incremental Build of configuration Debug for project acl2_audio_v1 ****
make all 
make: Nothing to be done for 'all'.
17:24:26 **** Auto Build of configuration Debug for project acl2_audio_v1 ****
make all 
'Building file: ../src/audio/audio.c'
'Invoking: MicroBlaze gcc compiler'
mb-gcc -Wall -O0 -g3 -c -fmessage-length=0 -MT"src/audio/audio.o" -I../../acl2_audio_v1_bsp/microblaze_0/include -mlittle-endian -mxl-pattern-compare -mno-xl-soft-div -mcpu=v11.0 -mno-xl-soft-mul -mhard-float -Wl,--no-relax -ffunction-sections -fdata-sections -MMD -MP -MF"src/audio/audio.d" -MT"src/audio/audio.o" -o "src/audio/audio.o" "../src/audio/audio.c"
'Finished building: ../src/audio/audio.c'
' '
'Building target: acl2_audio_v1.elf'
'Invoking: MicroBlaze gcc linker'
mb-gcc -Wl,-T -Wl,../src/lscript.ld -L../../acl2_audio_v1_bsp/microblaze_0/lib -mlittle-endian -mxl-pattern-compare -mno-xl-soft-div -mcpu=v11.0 -mno-xl-soft-mul -mhard-float -Wl,--no-relax -Wl,--gc-sections -o "acl2_audio_v1.elf"  ./src/userio/userio.o  ./src/intc/intc.o  ./src/iic/iic.o  ./src/dma/dma.o  ./src/audio/audio.o  ./src/demo.o ./src/platform.o   -Wl,--start-group,-lxil,-lgcc,-lc,--end-group
'Finished building target: acl2_audio_v1.elf'
' '
'Invoking: MicroBlaze Print Size'
mb-size acl2_audio_v1.elf  |tee "acl2_audio_v1.elf.size"
   text	   data	    bss	    dec	    hex	filename
 278356	   1744	   5540	 285640	  45bc8	acl2_audio_v1.elf
'Finished building: acl2_audio_v1.elf.size'
' '
17:24:28 **** Incremental Build of configuration Debug for project acl2_audio_v1 ****
make all 
make: Nothing to be done for 'all'.
17:39:03 **** Auto Build of configuration Debug for project acl2_audio_v1 ****
make all 
'Building file: ../src/audio/audio.c'
'Invoking: MicroBlaze gcc compiler'
mb-gcc -Wall -O0 -g3 -c -fmessage-length=0 -MT"src/audio/audio.o" -I../../acl2_audio_v1_bsp/microblaze_0/include -mlittle-endian -mxl-pattern-compare -mno-xl-soft-div -mcpu=v11.0 -mno-xl-soft-mul -mhard-float -Wl,--no-relax -ffunction-sections -fdata-sections -MMD -MP -MF"src/audio/audio.d" -MT"src/audio/audio.o" -o "src/audio/audio.o" "../src/audio/audio.c"
'Finished building: ../src/audio/audio.c'
' '
'Building target: acl2_audio_v1.elf'
'Invoking: MicroBlaze gcc linker'
mb-gcc -Wl,-T -Wl,../src/lscript.ld -L../../acl2_audio_v1_bsp/microblaze_0/lib -mlittle-endian -mxl-pattern-compare -mno-xl-soft-div -mcpu=v11.0 -mno-xl-soft-mul -mhard-float -Wl,--no-relax -Wl,--gc-sections -o "acl2_audio_v1.elf"  ./src/userio/userio.o  ./src/intc/intc.o  ./src/iic/iic.o  ./src/dma/dma.o  ./src/audio/audio.o  ./src/demo.o ./src/platform.o   -Wl,--start-group,-lxil,-lgcc,-lc,--end-group
'Finished building target: acl2_audio_v1.elf'
' '
'Invoking: MicroBlaze Print Size'
mb-size acl2_audio_v1.elf  |tee "acl2_audio_v1.elf.size"
   text	   data	    bss	    dec	    hex	filename
 278356	   1744	   5540	 285640	  45bc8	acl2_audio_v1.elf
'Finished building: acl2_audio_v1.elf.size'
' '
17:39:05 **** Incremental Build of configuration Debug for project acl2_audio_v1 ****
make all 
make: Nothing to be done for 'all'.
17:39:28 **** Incremental Build of configuration Debug for project acl2_audio_v1 ****
make all 
'Building file: ../src/audio/audio.c'
'Invoking: MicroBlaze gcc compiler'
mb-gcc -Wall -O0 -g3 -c -fmessage-length=0 -MT"src/audio/audio.o" -I../../acl2_audio_v1_bsp/microblaze_0/include -mlittle-endian -mxl-pattern-compare -mno-xl-soft-div -mcpu=v11.0 -mno-xl-soft-mul -mhard-float -Wl,--no-relax -ffunction-sections -fdata-sections -MMD -MP -MF"src/audio/audio.d" -MT"src/audio/audio.o" -o "src/audio/audio.o" "../src/audio/audio.c"
'Finished building: ../src/audio/audio.c'
' '
'Building target: acl2_audio_v1.elf'
'Invoking: MicroBlaze gcc linker'
mb-gcc -Wl,-T -Wl,../src/lscript.ld -L../../acl2_audio_v1_bsp/microblaze_0/lib -mlittle-endian -mxl-pattern-compare -mno-xl-soft-div -mcpu=v11.0 -mno-xl-soft-mul -mhard-float -Wl,--no-relax -Wl,--gc-sections -o "acl2_audio_v1.elf"  ./src/userio/userio.o  ./src/intc/intc.o  ./src/iic/iic.o  ./src/dma/dma.o  ./src/audio/audio.o  ./src/demo.o ./src/platform.o   -Wl,--start-group,-lxil,-lgcc,-lc,--end-group
'Finished building target: acl2_audio_v1.elf'
' '
'Invoking: MicroBlaze Print Size'
mb-size acl2_audio_v1.elf  |tee "acl2_audio_v1.elf.size"
   text	   data	    bss	    dec	    hex	filename
 278356	   1744	   5540	 285640	  45bc8	acl2_audio_v1.elf
'Finished building: acl2_audio_v1.elf.size'
' '
17:40:07 **** Auto Build of configuration Debug for project acl2_audio_v1 ****
make all 
'Building file: ../src/audio/audio.c'
'Invoking: MicroBlaze gcc compiler'
mb-gcc -Wall -O0 -g3 -c -fmessage-length=0 -MT"src/audio/audio.o" -I../../acl2_audio_v1_bsp/microblaze_0/include -mlittle-endian -mxl-pattern-compare -mno-xl-soft-div -mcpu=v11.0 -mno-xl-soft-mul -mhard-float -Wl,--no-relax -ffunction-sections -fdata-sections -MMD -MP -MF"src/audio/audio.d" -MT"src/audio/audio.o" -o "src/audio/audio.o" "../src/audio/audio.c"
'Finished building: ../src/audio/audio.c'
' '
'Building target: acl2_audio_v1.elf'
'Invoking: MicroBlaze gcc linker'
[...]
'Finished building: ../src/dma/dma.c'
' '
'Building file: ../src/audio/audio.c'
'Invoking: MicroBlaze gcc compiler'
mb-gcc -Wall -O0 -g3 -c -fmessage-length=0 -MT"src/audio/audio.o" -I../../acl2_audio_v1_bsp/microblaze_0/include -mlittle-endian -mxl-pattern-compare -mno-xl-soft-div -mcpu=v11.0 -mno-xl-soft-mul -mhard-float -Wl,--no-relax -ffunction-sections -fdata-sections -MMD -MP -MF"src/audio/audio.d" -MT"src/audio/audio.o" -o "src/audio/audio.o" "../src/audio/audio.c"
'Finished building: ../src/audio/audio.c'
' '
'Building file: ../src/demo.c'
'Invoking: MicroBlaze gcc compiler'
mb-gcc -Wall -O0 -g3 -c -fmessage-length=0 -MT"src/demo.o" -I../../acl2_audio_v1_bsp/microblaze_0/include -mlittle-endian -mxl-pattern-compare -mno-xl-soft-div -mcpu=v11.0 -mno-xl-soft-mul -mhard-float -Wl,--no-relax -ffunction-sections -fdata-sections -MMD -MP -MF"src/demo.d" -MT"src/demo.o" -o "src/demo.o" "../src/demo.c"
../src/demo.c: In function 'main':
../src/demo.c:254:5: warning: unused variable 'value' [-Wunused-variable]
  u8 value = 0;
     ^~~~~
../src/demo.c:253:5: warning: unused variable 'statuReg' [-Wunused-variable]
  u8 statuReg = 0x00;
     ^~~~~~~~
../src/demo.c:252:5: warning: unused variable 'acl2_status1' [-Wunused-variable]
  u8 acl2_status1 = 0;
     ^~~~~~~~~~~~
../src/demo.c:248:8: warning: unused variable 'avg_acceleration1' [-Wunused-variable]
  float avg_acceleration1 = 0.0;
        ^~~~~~~~~~~~~~~~~
../src/demo.c:247:8: warning: unused variable 'avg_acceleration0' [-Wunused-variable]
  float avg_acceleration0 = 0.0;
        ^~~~~~~~~~~~~~~~~
../src/demo.c:245:8: warning: variable 'y_data' set but not used [-Wunused-but-set-variable]
  float y_data=0.0; //0x10(L)-0x11(H)
        ^~~~~~
../src/demo.c:244:8: warning: variable 'x_data' set but not used [-Wunused-but-set-variable]
  float x_data=0.0; //0x0E(L)-0x0F(H)
        ^~~~~~
'Finished building: ../src/demo.c'
' '
'Building file: ../src/platform.c'
'Invoking: MicroBlaze gcc compiler'
mb-gcc -Wall -O0 -g3 -c -fmessage-length=0 -MT"src/platform.o" -I../../acl2_audio_v1_bsp/microblaze_0/include -mlittle-endian -mxl-pattern-compare -mno-xl-soft-div -mcpu=v11.0 -mno-xl-soft-mul -mhard-float -Wl,--no-relax -ffunction-sections -fdata-sections -MMD -MP -MF"src/platform.d" -MT"src/platform.o" -o "src/platform.o" "../src/platform.c"
'Finished building: ../src/platform.c'
' '
'Building target: acl2_audio_v1.elf'
'Invoking: MicroBlaze gcc linker'
mb-gcc -Wl,-T -Wl,../src/lscript.ld -L../../acl2_audio_v1_bsp/microblaze_0/lib -mlittle-endian -mxl-pattern-compare -mno-xl-soft-div -mcpu=v11.0 -mno-xl-soft-mul -mhard-float -Wl,--no-relax -Wl,--gc-sections -o "acl2_audio_v1.elf"  ./src/userio/userio.o  ./src/intc/intc.o  ./src/iic/iic.o  ./src/dma/dma.o  ./src/audio/audio.o  ./src/demo.o ./src/platform.o   -Wl,--start-group,-lxil,-lgcc,-lc,--end-group
'Finished building target: acl2_audio_v1.elf'
' '
'Invoking: MicroBlaze Print Size'
mb-size acl2_audio_v1.elf  |tee "acl2_audio_v1.elf.size"
   text	   data	    bss	    dec	    hex	filename
 634628	   1744	   5540	 641912	  9cb78	acl2_audio_v1.elf
'Finished building: acl2_audio_v1.elf.size'
' '
11:59:43 **** Build of project acl_audio_128_bsp ****
make -k all 
"Running Make include in microblaze_0/libsrc/axidma_v9_8/src"
make -C microblaze_0/libsrc/axidma_v9_8/src -s include  "SHELL=CMD" "COMPILER=mb-gcc" "ARCHIVER=mb-ar" "COMPILER_FLAGS=  -O2 -c -mcpu=v11.0 -mhard-float -mlittle-endian -mno-xl-soft-div -mno-xl-soft-mul -mxl-pattern-compare" "EXTRA_COMPILER_FLAGS=-ffunction-sections -fdata-sections -Wall -Wextra"
"Running Make include in microblaze_0/libsrc/bram_v4_2/src"
make -C microblaze_0/libsrc/bram_v4_2/src -s include  "SHELL=CMD" "COMPILER=mb-gcc" "ARCHIVER=mb-ar" "COMPILER_FLAGS=  -O2 -c -mcpu=v11.0 -mhard-float -mlittle-endian -mno-xl-soft-div -mno-xl-soft-mul -mxl-pattern-compare" "EXTRA_COMPILER_FLAGS=-ffunction-sections -fdata-sections -Wall -Wextra"
"Running Make include in microblaze_0/libsrc/cpu_v2_8/src"
make -C microblaze_0/libsrc/cpu_v2_8/src -s include  "SHELL=CMD" "COMPILER=mb-gcc" "ARCHIVER=mb-ar" "COMPILER_FLAGS=  -O2 -c -mcpu=v11.0 -mhard-float -mlittle-endian -mno-xl-soft-div -mno-xl-soft-mul -mxl-pattern-compare" "EXTRA_COMPILER_FLAGS=-ffunction-sections -fdata-sections -Wall -Wextra"
"Running Make include in microblaze_0/libsrc/gpio_v4_3/src"
make -C microblaze_0/libsrc/gpio_v4_3/src -s include  "SHELL=CMD" "COMPILER=mb-gcc" "ARCHIVER=mb-ar" "COMPILER_FLAGS=  -O2 -c -mcpu=v11.0 -mhard-float -mlittle-endian -mno-xl-soft-div -mno-xl-soft-mul -mxl-pattern-compare" "EXTRA_COMPILER_FLAGS=-ffunction-sections -fdata-sections -Wall -Wextra"
"Running Make include in microblaze_0/libsrc/iic_v3_5/src"
make -C microblaze_0/libsrc/iic_v3_5/src -s include  "SHELL=CMD" "COMPILER=mb-gcc" "ARCHIVER=mb-ar" "COMPILER_FLAGS=  -O2 -c -mcpu=v11.0 -mhard-float -mlittle-endian -mno-xl-soft-div -mno-xl-soft-mul -mxl-pattern-compare" "EXTRA_COMPILER_FLAGS=-ffunction-sections -fdata-sections -Wall -Wextra"
"Running Make include in microblaze_0/libsrc/intc_v3_8/src"
make -C microblaze_0/libsrc/intc_v3_8/src -s include  "SHELL=CMD" "COMPILER=mb-gcc" "ARCHIVER=mb-ar" "COMPILER_FLAGS=  -O2 -c -mcpu=v11.0 -mhard-float -mlittle-endian -mno-xl-soft-div -mno-xl-soft-mul -mxl-pattern-compare" "EXTRA_COMPILER_FLAGS=-ffunction-sections -fdata-sections -Wall -Wextra"
"Running Make include in microblaze_0/libsrc/PmodACL2_v1_0/src"
make -C microblaze_0/libsrc/PmodACL2_v1_0/src -s include  "SHELL=CMD" "COMPILER=mb-gcc" "ARCHIVER=mb-ar" "COMPILER_FLAGS=  -O2 -c -mcpu=v11.0 -mhard-float -mlittle-endian -mno-xl-soft-div -mno-xl-soft-mul -mxl-pattern-compare" "EXTRA_COMPILER_FLAGS=-ffunction-sections -fdata-sections -Wall -Wextra"
"Running Make include in microblaze_0/libsrc/standalone_v6_8/src"
make -C microblaze_0/libsrc/standalone_v6_8/src -s include  "SHELL=CMD" "COMPILER=mb-gcc" "ARCHIVER=mb-ar" "COMPILER_FLAGS=  -O2 -c -mcpu=v11.0 -mhard-float -mlittle-endian -mno-xl-soft-div -mno-xl-soft-mul -mxl-pattern-compare" "EXTRA_COMPILER_FLAGS=-ffunction-sections -fdata-sections -Wall -Wextra"
"Running Make include in microblaze_0/libsrc/uartlite_v3_2/src"
make -C microblaze_0/libsrc/uartlite_v3_2/src -s include  "SHELL=CMD" "COMPILER=mb-gcc" "ARCHIVER=mb-ar" "COMPILER_FLAGS=  -O2 -c -mcpu=v11.0 -mhard-float -mlittle-endian -mno-xl-soft-div -mno-xl-soft-mul -mxl-pattern-compare" "EXTRA_COMPILER_FLAGS=-ffunction-sections -fdata-sections -Wall -Wextra"
"Running Make libs in microblaze_0/libsrc/axidma_v9_8/src"
make -C microblaze_0/libsrc/axidma_v9_8/src -s libs  "SHELL=CMD" "COMPILER=mb-gcc" "ARCHIVER=mb-ar" "COMPILER_FLAGS=  -O2 -c -mcpu=v11.0 -mhard-float -mlittle-endian -mno-xl-soft-div -mno-xl-soft-mul -mxl-pattern-compare" "EXTRA_COMPILER_FLAGS=-ffunction-sections -fdata-sections -Wall -Wextra"
"Compiling axidma"
mb-ar: creating ../../../lib/libxil.a
"Running Make libs in microblaze_0/libsrc/bram_v4_2/src"
make -C microblaze_0/libsrc/bram_v4_2/src -s libs  "SHELL=CMD" "COMPILER=mb-gcc" "ARCHIVER=mb-ar" "COMPILER_FLAGS=  -O2 -c -mcpu=v11.0 -mhard-float -mlittle-endian -mno-xl-soft-div -mno-xl-soft-mul -mxl-pattern-compare" "EXTRA_COMPILER_FLAGS=-ffunction-sections -fdata-sections -Wall -Wextra"
"Compiling bram"
"Running Make libs in microblaze_0/libsrc/cpu_v2_8/src"
make -C microblaze_0/libsrc/cpu_v2_8/src -s libs  "SHELL=CMD" "COMPILER=mb-gcc" "ARCHIVER=mb-ar" "COMPILER_FLAGS=  -O2 -c -mcpu=v11.0 -mhard-float -mlittle-endian -mno-xl-soft-div -mno-xl-soft-mul -mxl-pattern-compare" "EXTRA_COMPILER_FLAGS=-ffunction-sections -fdata-sections -Wall -Wextra"
"Compiling cpu"
"Running Make libs in microblaze_0/libsrc/gpio_v4_3/src"
make -C microblaze_0/libsrc/gpio_v4_3/src -s libs  "SHELL=CMD" "COMPILER=mb-gcc" "ARCHIVER=mb-ar" "COMPILER_FLAGS=  -O2 -c -mcpu=v11.0 -mhard-float -mlittle-endian -mno-xl-soft-div -mno-xl-soft-mul -mxl-pattern-compare" "EXTRA_COMPILER_FLAGS=-ffunction-sections -fdata-sections -Wall -Wextra"
"Compiling gpio"
"Running Make libs in microblaze_0/libsrc/iic_v3_5/src"
make -C microblaze_0/libsrc/iic_v3_5/src -s libs  "SHELL=CMD" "COMPILER=mb-gcc" "ARCHIVER=mb-ar" "COMPILER_FLAGS=  -O2 -c -mcpu=v11.0 -mhard-float -mlittle-endian -mno-xl-soft-div -mno-xl-soft-mul -mxl-pattern-compare" "EXTRA_COMPILER_FLAGS=-ffunction-sections -fdata-sections -Wall -Wextra"
"Compiling iic"
"Running Make libs in microblaze_0/libsrc/intc_v3_8/src"
make -C microblaze_0/libsrc/intc_v3_8/src -s libs  "SHELL=CMD" "COMPILER=mb-gcc" "ARCHIVER=mb-ar" "COMPILER_FLAGS=  -O2 -c -mcpu=v11.0 -mhard-float -mlittle-endian -mno-xl-soft-div -mno-xl-soft-mul -mxl-pattern-compare" "EXTRA_COMPILER_FLAGS=-ffunction-sections -fdata-sections -Wall -Wextra"
"Compiling intc"
"Running Make libs in microblaze_0/libsrc/PmodACL2_v1_0/src"
make -C microblaze_0/libsrc/PmodACL2_v1_0/src -s libs  "SHELL=CMD" "COMPILER=mb-gcc" "ARCHIVER=mb-ar" "COMPILER_FLAGS=  -O2 -c -mcpu=v11.0 -mhard-float -mlittle-endian -mno-xl-soft-div -mno-xl-soft-mul -mxl-pattern-compare" "EXTRA_COMPILER_FLAGS=-ffunction-sections -fdata-sections -Wall -Wextra"
"Compiling PmodACL2"
"Running Make libs in microblaze_0/libsrc/standalone_v6_8/src"
make -C microblaze_0/libsrc/standalone_v6_8/src -s libs  "SHELL=CMD" "COMPILER=mb-gcc" "ARCHIVER=mb-ar" "COMPILER_FLAGS=  -O2 -c -mcpu=v11.0 -mhard-float -mlittle-endian -mno-xl-soft-div -mno-xl-soft-mul -mxl-pattern-compare" "EXTRA_COMPILER_FLAGS=-ffunction-sections -fdata-sections -Wall -Wextra"
"Compiling standalone";
microblaze_sleep.c:77:9: note: #pragma message: For the sleep routines, assembly instructions are used
 #pragma message ("For the sleep routines, assembly instructions are used")
         ^~~~~~~
"Running Make libs in microblaze_0/libsrc/uartlite_v3_2/src"
make -C microblaze_0/libsrc/uartlite_v3_2/src -s libs  "SHELL=CMD" "COMPILER=mb-gcc" "ARCHIVER=mb-ar" "COMPILER_FLAGS=  -O2 -c -mcpu=v11.0 -mhard-float -mlittle-endian -mno-xl-soft-div -mno-xl-soft-mul -mxl-pattern-compare" "EXTRA_COMPILER_FLAGS=-ffunction-sections -fdata-sections -Wall -Wextra"
"Compiling uartlite"
'Finished building libraries'
12:00:35 **** Build of configuration Debug for project acl_audio_128 ****
make all 
'Building file: ../src/helloworld.c'
'Invoking: MicroBlaze gcc compiler'
mb-gcc -Wall -O0 -g3 -c -fmessage-length=0 -MT"src/helloworld.o" -I../../acl_audio_128_bsp/microblaze_0/include -mlittle-endian -mxl-pattern-compare -mno-xl-soft-div -mcpu=v11.0 -mno-xl-soft-mul -mhard-float -Wl,--no-relax -ffunction-sections -fdata-sections -MMD -MP -MF"src/helloworld.d" -MT"src/helloworld.o" -o "src/helloworld.o" "../src/helloworld.c"
'Finished building: ../src/helloworld.c'
' '
'Building file: ../src/platform.c'
'Invoking: MicroBlaze gcc compiler'
mb-gcc -Wall -O0 -g3 -c -fmessage-length=0 -MT"src/platform.o" -I../../acl_audio_128_bsp/microblaze_0/include -mlittle-endian -mxl-pattern-compare -mno-xl-soft-div -mcpu=v11.0 -mno-xl-soft-mul -mhard-float -Wl,--no-relax -ffunction-sections -fdata-sections -MMD -MP -MF"src/platform.d" -MT"src/platform.o" -o "src/platform.o" "../src/platform.c"
'Finished building: ../src/platform.c'
' '
'Building target: acl_audio_128.elf'
'Invoking: MicroBlaze gcc linker'
mb-gcc -Wl,-T -Wl,../src/lscript.ld -L../../acl_audio_128_bsp/microblaze_0/lib -mlittle-endian -mxl-pattern-compare -mno-xl-soft-div -mcpu=v11.0 -mno-xl-soft-mul -mhard-float -Wl,--no-relax -Wl,--gc-sections -o "acl_audio_128.elf"  ./src/helloworld.o ./src/platform.o   -Wl,--start-group,-lxil,-lgcc,-lc,--end-group
'Finished building target: acl_audio_128.elf'
' '
'Invoking: MicroBlaze Print Size'
mb-size acl_audio_128.elf  |tee "acl_audio_128.elf.size"
   text	   data	    bss	    dec	    hex	filename
   3162	    408	   3110	   6680	   1a18	acl_audio_128.elf
'Finished building: acl_audio_128.elf.size'
' '
12:00:51 **** Clean-only build of configuration Debug for project acl_audio_128 ****
make clean 
rm -rf  ./src/helloworld.o ./src/platform.o  ./src/helloworld.d ./src/platform.d  acl_audio_128.elf.size  acl_audio_128.elf
' '
12:00:51 **** Auto Build of configuration Debug for project acl_audio_128 ****
make all 
'Building file: ../src/platform.c'
'Invoking: MicroBlaze gcc compiler'
mb-gcc -Wall -O0 -g3 -c -fmessage-length=0 -MT"src/platform.o" -I../../acl_audio_128_bsp/microblaze_0/include -mlittle-endian -mxl-pattern-compare -mno-xl-soft-div -mcpu=v11.0 -mno-xl-soft-mul -mhard-float -Wl,--no-relax -ffunction-sections -fdata-sections -MMD -MP -MF"src/platform.d" -MT"src/platform.o" -o "src/platform.o" "../src/platform.c"
'Finished building: ../src/platform.c'
' '
'Building target: acl_audio_128.elf'
'Invoking: MicroBlaze gcc linker'
mb-gcc -Wl,-T -Wl,../src/lscript.ld -L../../acl_audio_128_bsp/microblaze_0/lib -mlittle-endian -mxl-pattern-compare -mno-xl-soft-div -mcpu=v11.0 -mno-xl-soft-mul -mhard-float -Wl,--no-relax -Wl,--gc-sections -o "acl_audio_128.elf"  ./src/platform.o   -Wl,--start-group,-lxil,-lgcc,-lc,--end-group
c:/xilinx/sdk/2018.3/gnu/microblaze/nt/bin/../lib/gcc/microblaze-xilinx-elf/7.3.1/../../../../microblaze-xilinx-elf/lib/le/m/crtinit.o: In function `_crtinit':
(.text+0x78): undefined reference to `main'
collect2.exe: error: ld returned 1 exit status
make: *** [makefile:38: acl_audio_128.elf] Error 1
12:00:54 **** Clean-only build of configuration Debug for project acl_audio_128 ****
make clean 
rm -rf  ./src/platform.o  ./src/platform.d  acl_audio_128.elf.size  acl_audio_128.elf
' '
12:00:54 **** Auto Build of configuration Debug for project acl_audio_128 ****
make all 
'Building file: ../src/platform.c'
'Invoking: MicroBlaze gcc compiler'
mb-gcc -Wall -O0 -g3 -c -fmessage-length=0 -MT"src/platform.o" -I../../acl_audio_128_bsp/microblaze_0/include -mlittle-endian -mxl-pattern-compare -mno-xl-soft-div -mcpu=v11.0 -mno-xl-soft-mul -mhard-float -Wl,--no-relax -ffunction-sections -fdata-sections -MMD -MP -MF"src/platform.d" -MT"src/platform.o" -o "src/platform.o" "../src/platform.c"
../src/platform.c:36:10: fatal error: platform_config.h: No such file or directory
 #include "platform_config.h"
          ^~~~~~~~~~~~~~~~~~~
compilation terminated.
make: *** [src/subdir.mk:23: src/platform.o] Error 1
12:00:57 **** Clean-only build of configuration Debug for project acl_audio_128 ****
make clean 
rm -rf  ./src/platform.o  ./src/platform.d  acl_audio_128.elf.size  acl_audio_128.elf
' '

****  of configuration Debug for project acl_audio_128 ****

Nothing to build for project acl_audio_128
12:00:59 **** Clean-only build of configuration Debug for project acl_audio_128 ****
make clean 
rm -rf  ./src/platform.o  ./src/platform.d  acl_audio_128.elf.size  acl_audio_128.elf
' '

****  of configuration Debug for project acl_audio_128 ****

Nothing to build for project acl_audio_128
12:01:24 **** Auto Build of configuration Debug for project acl_audio_128 ****
make all 
'Building file: ../src/userio/userio.c'
'Invoking: MicroBlaze gcc compiler'
mb-gcc -Wall -O0 -g3 -c -fmessage-length=0 -MT"src/userio/userio.o" -I../../acl_audio_128_bsp/microblaze_0/include -mlittle-endian -mxl-pattern-compare -mno-xl-soft-div -mcpu=v11.0 -mno-xl-soft-mul -mhard-float -Wl,--no-relax -ffunction-sections -fdata-sections -MMD -MP -MF"src/userio/userio.d" -MT"src/userio/userio.o" -o "src/userio/userio.o" "../src/userio/userio.c"
'Finished building: ../src/userio/userio.c'
' '
'Building file: ../src/intc/intc.c'
'Invoking: MicroBlaze gcc compiler'
mb-gcc -Wall -O0 -g3 -c -fmessage-length=0 -MT"src/intc/intc.o" -I../../acl_audio_128_bsp/microblaze_0/include -mlittle-endian -mxl-pattern-compare -mno-xl-soft-div -mcpu=v11.0 -mno-xl-soft-mul -mhard-float -Wl,--no-relax -ffunction-sections -fdata-sections -MMD -MP -MF"src/intc/intc.d" -MT"src/intc/intc.o" -o "src/intc/intc.o" "../src/intc/intc.c"
'Finished building: ../src/intc/intc.c'
' '
'Building file: ../src/iic/iic.c'
'Invoking: MicroBlaze gcc compiler'
mb-gcc -Wall -O0 -g3 -c -fmessage-length=0 -MT"src/iic/iic.o" -I../../acl_audio_128_bsp/microblaze_0/include -mlittle-endian -mxl-pattern-compare -mno-xl-soft-div -mcpu=v11.0 -mno-xl-soft-mul -mhard-float -Wl,--no-relax -ffunction-sections -fdata-sections -MMD -MP -MF"src/iic/iic.d" -MT"src/iic/iic.o" -o "src/iic/iic.o" "../src/iic/iic.c"
'Finished building: ../src/iic/iic.c'
' '
'Building file: ../src/dma/dma.c'
'Invoking: MicroBlaze gcc compiler'
mb-gcc -Wall -O0 -g3 -c -fmessage-length=0 -MT"src/dma/dma.o" -I../../acl_audio_128_bsp/microblaze_0/include -mlittle-endian -mxl-pattern-compare -mno-xl-soft-div -mcpu=v11.0 -mno-xl-soft-mul -mhard-float -Wl,--no-relax -ffunction-sections -fdata-sections -MMD -MP -MF"src/dma/dma.d" -MT"src/dma/dma.o" -o "src/dma/dma.o" "../src/dma/dma.c"
'Finished building: ../src/dma/dma.c'
' '
'Building file: ../src/audio/audio.c'
'Invoking: MicroBlaze gcc compiler'
mb-gcc -Wall -O0 -g3 -c -fmessage-length=0 -MT"src/audio/audio.o" -I../../acl_audio_128_bsp/microblaze_0/include -mlittle-endian -mxl-pattern-compare -mno-xl-soft-div -mcpu=v11.0 -mno-xl-soft-mul -mhard-float -Wl,--no-relax -ffunction-sections -fdata-sections -MMD -MP -MF"src/audio/audio.d" -MT"src/audio/audio.o" -o "src/audio/audio.o" "../src/audio/audio.c"
'Finished building: ../src/audio/audio.c'
' '
'Building file: ../src/demo.c'
'Invoking: MicroBlaze gcc compiler'
mb-gcc -Wall -O0 -g3 -c -fmessage-length=0 -MT"src/demo.o" -I../../acl_audio_128_bsp/microblaze_0/include -mlittle-endian -mxl-pattern-compare -mno-xl-soft-div -mcpu=v11.0 -mno-xl-soft-mul -mhard-float -Wl,--no-relax -ffunction-sections -fdata-sections -MMD -MP -MF"src/demo.d" -MT"src/demo.o" -o "src/demo.o" "../src/demo.c"
../src/demo.c: In function 'main':
../src/demo.c:254:5: warning: unused variable 'value' [-Wunused-variable]
  u8 value = 0;
     ^~~~~
../src/demo.c:253:5: warning: unused variable 'statuReg' [-Wunused-variable]
  u8 statuReg = 0x00;
     ^~~~~~~~
../src/demo.c:252:5: warning: unused variable 'acl2_status1' [-Wunused-variable]
  u8 acl2_status1 = 0;
     ^~~~~~~~~~~~
../src/demo.c:248:8: warning: unused variable 'avg_acceleration1' [-Wunused-variable]
  float avg_acceleration1 = 0.0;
        ^~~~~~~~~~~~~~~~~
../src/demo.c:247:8: warning: unused variable 'avg_acceleration0' [-Wunused-variable]
  float avg_acceleration0 = 0.0;
        ^~~~~~~~~~~~~~~~~
../src/demo.c:245:8: warning: variable 'y_data' set but not used [-Wunused-but-set-variable]
  float y_data=0.0; //0x10(L)-0x11(H)
        ^~~~~~
../src/demo.c:244:8: warning: variable 'x_data' set but not used [-Wunused-but-set-variable]
  float x_data=0.0; //0x0E(L)-0x0F(H)
        ^~~~~~
'Finished building: ../src/demo.c'
' '
'Building file: ../src/platform.c'
'Invoking: MicroBlaze gcc compiler'
mb-gcc -Wall -O0 -g3 -c -fmessage-length=0 -MT"src/platform.o" -I../../acl_audio_128_bsp/microblaze_0/include -mlittle-endian -mxl-pattern-compare -mno-xl-soft-div -mcpu=v11.0 -mno-xl-soft-mul -mhard-float -Wl,--no-relax -ffunction-sections -fdata-sections -MMD -MP -MF"src/platform.d" -MT"src/platform.o" -o "src/platform.o" "../src/platform.c"
'Finished building: ../src/platform.c'
' '
'Building target: acl_audio_128.elf'
'Invoking: MicroBlaze gcc linker'
mb-gcc -Wl,-T -Wl,../src/lscript.ld -L../../acl_audio_128_bsp/microblaze_0/lib -mlittle-endian -mxl-pattern-compare -mno-xl-soft-div -mcpu=v11.0 -mno-xl-soft-mul -mhard-float -Wl,--no-relax -Wl,--gc-sections -o "acl_audio_128.elf"  ./src/userio/userio.o  ./src/intc/intc.o  ./src/iic/iic.o  ./src/dma/dma.o  ./src/audio/audio.o  ./src/demo.o ./src/platform.o   -Wl,--start-group,-lxil,-lgcc,-lc,--end-group
'Finished building target: acl_audio_128.elf'
' '
'Invoking: MicroBlaze Print Size'
mb-size acl_audio_128.elf  |tee "acl_audio_128.elf.size"
   text	   data	    bss	    dec	    hex	filename
 634628	   1744	   5540	 641912	  9cb78	acl_audio_128.elf
'Finished building: acl_audio_128.elf.size'
' '
